Archive member included to satisfy reference by file (symbol)

/opt/homebrew/Cellar/arm-none-eabi-gcc/10.3-2021.07/gcc/bin/../lib/gcc/arm-none-eabi/10.3.1/thumb/v6-m/nofp/libgcc.a(_dvmd_tls.o)
                              CMakeFiles/pid_mnodular.dir/Users/skyneticist/pico/pico-sdk/src/rp2_common/pico_divider/divider.S.obj (__aeabi_idiv0)
/opt/homebrew/Cellar/arm-none-eabi-gcc/10.3-2021.07/gcc/bin/../lib/gcc/arm-none-eabi/10.3.1/../../../../arm-none-eabi/lib/thumb/v6-m/nofp/libc.a(lib_a-calloc.o)
                              CMakeFiles/pid_mnodular.dir/Users/skyneticist/pico/pico-sdk/src/rp2_common/pico_malloc/pico_malloc.c.obj (calloc)
/opt/homebrew/Cellar/arm-none-eabi-gcc/10.3-2021.07/gcc/bin/../lib/gcc/arm-none-eabi/10.3.1/../../../../arm-none-eabi/lib/thumb/v6-m/nofp/libc.a(lib_a-callocr.o)
                              /opt/homebrew/Cellar/arm-none-eabi-gcc/10.3-2021.07/gcc/bin/../lib/gcc/arm-none-eabi/10.3.1/../../../../arm-none-eabi/lib/thumb/v6-m/nofp/libc.a(lib_a-calloc.o) (_calloc_r)
/opt/homebrew/Cellar/arm-none-eabi-gcc/10.3-2021.07/gcc/bin/../lib/gcc/arm-none-eabi/10.3.1/../../../../arm-none-eabi/lib/thumb/v6-m/nofp/libc.a(lib_a-errno.o)
                              /opt/homebrew/Cellar/arm-none-eabi-gcc/10.3-2021.07/gcc/bin/../lib/gcc/arm-none-eabi/10.3.1/../../../../arm-none-eabi/lib/thumb/v6-m/nofp/libc.a(lib_a-callocr.o) (__errno)
/opt/homebrew/Cellar/arm-none-eabi-gcc/10.3-2021.07/gcc/bin/../lib/gcc/arm-none-eabi/10.3.1/../../../../arm-none-eabi/lib/thumb/v6-m/nofp/libc.a(lib_a-fprintf.o)
                              CMakeFiles/pid_mnodular.dir/src/fsm.c.obj (fprintf)
/opt/homebrew/Cellar/arm-none-eabi-gcc/10.3-2021.07/gcc/bin/../lib/gcc/arm-none-eabi/10.3.1/../../../../arm-none-eabi/lib/thumb/v6-m/nofp/libc.a(lib_a-impure.o)
                              /opt/homebrew/Cellar/arm-none-eabi-gcc/10.3-2021.07/gcc/bin/../lib/gcc/arm-none-eabi/10.3.1/../../../../arm-none-eabi/lib/thumb/v6-m/nofp/libc.a(lib_a-calloc.o) (_impure_ptr)
/opt/homebrew/Cellar/arm-none-eabi-gcc/10.3-2021.07/gcc/bin/../lib/gcc/arm-none-eabi/10.3.1/../../../../arm-none-eabi/lib/thumb/v6-m/nofp/libc.a(lib_a-init.o)
                              /opt/homebrew/Cellar/arm-none-eabi-gcc/10.3-2021.07/gcc/bin/../lib/gcc/arm-none-eabi/10.3.1/../../../../arm-none-eabi/lib/thumb/v6-m/nofp/crt0.o (__libc_init_array)
/opt/homebrew/Cellar/arm-none-eabi-gcc/10.3-2021.07/gcc/bin/../lib/gcc/arm-none-eabi/10.3.1/../../../../arm-none-eabi/lib/thumb/v6-m/nofp/libc.a(lib_a-malloc.o)
                              CMakeFiles/pid_mnodular.dir/Users/skyneticist/pico/pico-sdk/src/rp2_common/pico_malloc/pico_malloc.c.obj (malloc)
/opt/homebrew/Cellar/arm-none-eabi-gcc/10.3-2021.07/gcc/bin/../lib/gcc/arm-none-eabi/10.3.1/../../../../arm-none-eabi/lib/thumb/v6-m/nofp/libc.a(lib_a-mallocr.o)
                              /opt/homebrew/Cellar/arm-none-eabi-gcc/10.3-2021.07/gcc/bin/../lib/gcc/arm-none-eabi/10.3.1/../../../../arm-none-eabi/lib/thumb/v6-m/nofp/libc.a(lib_a-callocr.o) (_malloc_r)
/opt/homebrew/Cellar/arm-none-eabi-gcc/10.3-2021.07/gcc/bin/../lib/gcc/arm-none-eabi/10.3.1/../../../../arm-none-eabi/lib/thumb/v6-m/nofp/libc.a(lib_a-mlock.o)
                              /opt/homebrew/Cellar/arm-none-eabi-gcc/10.3-2021.07/gcc/bin/../lib/gcc/arm-none-eabi/10.3.1/../../../../arm-none-eabi/lib/thumb/v6-m/nofp/libc.a(lib_a-mallocr.o) (__malloc_lock)
/opt/homebrew/Cellar/arm-none-eabi-gcc/10.3-2021.07/gcc/bin/../lib/gcc/arm-none-eabi/10.3.1/../../../../arm-none-eabi/lib/thumb/v6-m/nofp/libc.a(lib_a-realloc.o)
                              CMakeFiles/pid_mnodular.dir/Users/skyneticist/pico/pico-sdk/src/rp2_common/pico_malloc/pico_malloc.c.obj (realloc)
/opt/homebrew/Cellar/arm-none-eabi-gcc/10.3-2021.07/gcc/bin/../lib/gcc/arm-none-eabi/10.3.1/../../../../arm-none-eabi/lib/thumb/v6-m/nofp/libc.a(lib_a-reallocr.o)
                              /opt/homebrew/Cellar/arm-none-eabi-gcc/10.3-2021.07/gcc/bin/../lib/gcc/arm-none-eabi/10.3.1/../../../../arm-none-eabi/lib/thumb/v6-m/nofp/libc.a(lib_a-realloc.o) (_realloc_r)
/opt/homebrew/Cellar/arm-none-eabi-gcc/10.3-2021.07/gcc/bin/../lib/gcc/arm-none-eabi/10.3.1/../../../../arm-none-eabi/lib/thumb/v6-m/nofp/libc.a(lib_a-sbrkr.o)
                              /opt/homebrew/Cellar/arm-none-eabi-gcc/10.3-2021.07/gcc/bin/../lib/gcc/arm-none-eabi/10.3.1/../../../../arm-none-eabi/lib/thumb/v6-m/nofp/libc.a(lib_a-mallocr.o) (_sbrk_r)
/opt/homebrew/Cellar/arm-none-eabi-gcc/10.3-2021.07/gcc/bin/../lib/gcc/arm-none-eabi/10.3.1/../../../../arm-none-eabi/lib/thumb/v6-m/nofp/libc.a(lib_a-sscanf.o)
                              CMakeFiles/pid_mnodular.dir/src/uart.c.obj (sscanf)
/opt/homebrew/Cellar/arm-none-eabi-gcc/10.3-2021.07/gcc/bin/../lib/gcc/arm-none-eabi/10.3.1/../../../../arm-none-eabi/lib/thumb/v6-m/nofp/libc.a(lib_a-stdio.o)
[...]
Memory Configuration

Name             Origin             Length             Attributes
FLASH            0x0000000010000000 0x0000000000200000 xr
RAM              0x0000000020000000 0x0000000000040000 xrw
SCRATCH_X        0x0000000020040000 0x0000000000001000 xrw
SCRATCH_Y        0x0000000020041000 0x0000000000001000 xrw
*default*        0x0000000000000000 0xffffffffffffffff

Linker script and memory map

LOAD /opt/homebrew/Cellar/arm-none-eabi-gcc/10.3-2021.07/gcc/bin/../lib/gcc/arm-none-eabi/10.3.1/thumb/v6-m/nofp/crti.o
LOAD /opt/homebrew/Cellar/arm-none-eabi-gcc/10.3-2021.07/gcc/bin/../lib/gcc/arm-none-eabi/10.3.1/thumb/v6-m/nofp/crtbegin.o
LOAD /opt/homebrew/Cellar/arm-none-eabi-gcc/10.3-2021.07/gcc/bin/../lib/gcc/arm-none-eabi/10.3.1/../../../../arm-none-eabi/lib/thumb/v6-m/nofp/crt0.o

.flash_begin    0x0000000010000000        0x0
                0x0000000010000000                __flash_binary_start = .

.boot2          0x0000000010000000      0x100
                0x0000000010000000                __boot2_start__ = .
 *(.boot2)
 .boot2         0x0000000010000000      0x100 /var/folders/7f/b1kj8cgj7s5cq62rtcn9mmfr0000gn/T//cchSeeSB.o
                0x0000000010000100                __boot2_end__ = .
                0x0000000000000001                ASSERT (((__boot2_end__ - __boot2_start__) == 0x100), ERROR: Pico second stage bootloader must be 256 bytes in size)

.text           0x0000000010000100    0x102b0
                0x0000000010000100                __logical_binary_start = .
 *(.vectors)
 .vectors       0x0000000010000100       0xd4 CMakeFiles/pid_mnodular.dir/Users/skyneticist/pico/pico-sdk/src/rp2_common/pico_standard_link/crt0.S.obj
                0x0000000010000100                __VECTOR_TABLE
                0x0000000010000100                __vectors
                0x00000000100001c0                __default_isrs_start
                0x00000000100001c0                isr_invalid
                0x00000000100001c2                isr_nmi
                0x00000000100001c4                isr_hardfault
                0x00000000100001c6                isr_svcall
                0x00000000100001c8                isr_pendsv
                0x00000000100001ca                isr_systick
                0x00000000100001cc                isr_irq28
                0x00000000100001cc                isr_irq19
                0x00000000100001cc                isr_irq0
                0x00000000100001cc                isr_irq6
                0x00000000100001cc                isr_irq22
                0x00000000100001cc                isr_irq17
                0x00000000100001cc                isr_irq14
                0x00000000100001cc                isr_irq2
                0x00000000100001cc                isr_irq10
                0x00000000100001cc                isr_irq8
                0x00000000100001cc                isr_irq24
                0x00000000100001cc                isr_irq1
                0x00000000100001cc                isr_irq7
                0x00000000100001cc                isr_irq21
                0x00000000100001cc                isr_irq20
                0x00000000100001cc                isr_irq15
                0x00000000100001cc                isr_irq25
                0x00000000100001cc                isr_irq4
                0x00000000100001cc                isr_irq16
                0x00000000100001cc                isr_irq29
                0x00000000100001cc                isr_irq26
                0x00000000100001cc                __default_isrs_end
                0x00000000100001cc                isr_irq3
                0x00000000100001cc                isr_irq9
                0x00000000100001cc                __unhandled_user_irq
                0x00000000100001cc                isr_irq13
                0x00000000100001cc                isr_irq27
                0x00000000100001cc                isr_irq31
                0x00000000100001cc                isr_irq5
                0x00000000100001cc                isr_irq11
                0x00000000100001cc                isr_irq23
                0x00000000100001cc                isr_irq18
                0x00000000100001cc                isr_irq30
                0x00000000100001cc                isr_irq12
                0x00000000100001d2                unhandled_user_irq_num_in_r0
 *(.binary_info_header)
 .binary_info_header
                0x00000000100001d4       0x14 CMakeFiles/pid_mnodular.dir/Users/skyneticist/pico/pico-sdk/src/rp2_common/pico_standard_link/crt0.S.obj
                0x00000000100001e8                __binary_info_header_end = .
 *(.reset)
 .reset         0x00000000100001e8       0xa0 CMakeFiles/pid_mnodular.dir/Users/skyneticist/pico/pico-sdk/src/rp2_common/pico_standard_link/crt0.S.obj
                0x00000000100001e8                _entry_point
 .reset         0x0000000010000288       0x30 CMakeFiles/pid_mnodular.dir/Users/skyneticist/pico/pico-sdk/src/rp2_common/pico_standard_link/binary_info.c.obj
 *(.init)
 .init          0x00000000100002b8        0x4 /opt/homebrew/Cellar/arm-none-eabi-gcc/10.3-2021.07/gcc/bin/../lib/gcc/arm-none-eabi/10.3.1/thumb/v6-m/nofp/crti.o
                0x00000000100002b8                _init
 *(EXCLUDE_FILE(*libm.a: *libc.a:*lib_a-mem*.o *libgcc.a:) .text*)
 .text          0x00000000100002bc       0x48 /opt/homebrew/Cellar/arm-none-eabi-gcc/10.3-2021.07/gcc/bin/../lib/gcc/arm-none-eabi/10.3.1/thumb/v6-m/nofp/crtbegin.o
 .text.startup.main
                0x0000000010000304       0x5c CMakeFiles/pid_mnodular.dir/main.c.obj
                0x0000000010000304                main
 .text.core1_main
                0x0000000010000360       0x10 CMakeFiles/pid_mnodular.dir/src/core1.c.obj
                0x0000000010000360                core1_main
 .text.fsm_process
                0x0000000010000370      0x130 CMakeFiles/pid_mnodular.dir/src/fsm.c.obj
                0x0000000010000370                fsm_process
 .text.pid_controller_init_all
                0x00000000100004a0       0x10 CMakeFiles/pid_mnodular.dir/src/pid_controller.c.obj
                0x00000000100004a0                pid_controller_init_all
 .text.update_pid_controller
                0x00000000100004b0       0x64 CMakeFiles/pid_mnodular.dir/src/pid_controller.c.obj
                0x00000000100004b0                update_pid_controller
 .text.init_stepper
                0x0000000010000514       0x20 CMakeFiles/pid_mnodular.dir/src/stepper.c.obj
                0x0000000010000514                init_stepper
 .text.on_uart_rx
                0x0000000010000534       0x90 CMakeFiles/pid_mnodular.dir/src/uart.c.obj
                0x0000000010000534                on_uart_rx
 .text.uart_init_all
                0x00000000100005c4       0xbc CMakeFiles/pid_mnodular.dir/src/uart.c.obj
                0x00000000100005c4                uart_init_all
 .text.uart_read_data
                0x0000000010000680       0x84 CMakeFiles/pid_mnodular.dir/src/uart.c.obj
                0x0000000010000680                uart_read_data
 .text.gpio_set_function
                0x0000000010000704       0x30 CMakeFiles/pid_mnodular.dir/Users/skyneticist/pico/pico-sdk/src/rp2_common/hardware_gpio/gpio.c.obj
                0x0000000010000704                gpio_set_function
 .text.gpio_init
                0x0000000010000734       0x3c CMakeFiles/pid_mnodular.dir/Users/skyneticist/pico/pico-sdk/src/rp2_common/hardware_gpio/gpio.c.obj
                0x0000000010000734                gpio_init
 .text.running_on_fpga
                0x0000000010000770       0x10 CMakeFiles/pid_mnodular.dir/Users/skyneticist/pico/pico-sdk/src/rp2_common/pico_platform/platform.c.obj
                0x0000000010000770                running_on_fpga
 .text.hw_claim_or_assert
                0x0000000010000780       0x44 CMakeFiles/pid_mnodular.dir/Users/skyneticist/pico/pico-sdk/src/rp2_common/hardware_claim/claim.c.obj
                0x0000000010000780                hw_claim_or_assert
 .text.hw_claim_unused_from_range
                0x00000000100007c4       0x9c CMakeFiles/pid_mnodular.dir/Users/skyneticist/pico/pico-sdk/src/rp2_common/hardware_claim/claim.c.obj
                0x00000000100007c4                hw_claim_unused_from_range
 .text.spin_locks_reset
                0x0000000010000860       0x1c CMakeFiles/pid_mnodular.dir/Users/skyneticist/pico/pico-sdk/src/rp2_common/hardware_sync/sync.c.obj
                0x0000000010000860                spin_locks_reset
 .text.next_striped_spin_lock_num
                0x000000001000087c       0x18 CMakeFiles/pid_mnodular.dir/Users/skyneticist/pico/pico-sdk/src/rp2_common/hardware_sync/sync.c.obj
                0x000000001000087c                next_striped_spin_lock_num
 .text.spin_lock_claim_unused
                0x0000000010000894       0x20 CMakeFiles/pid_mnodular.dir/Users/skyneticist/pico/pico-sdk/src/rp2_common/hardware_sync/sync.c.obj
                0x0000000010000894                spin_lock_claim_unused
 .text.irq_set_enabled
                0x00000000100008b4       0x24 CMakeFiles/pid_mnodular.dir/Users/skyneticist/pico/pico-sdk/src/rp2_common/hardware_irq/irq.c.obj
                0x00000000100008b4                irq_set_enabled
 .text.irq_is_enabled
                0x00000000100008d8       0x18 CMakeFiles/pid_mnodular.dir/Users/skyneticist/pico/pico-sdk/src/rp2_common/hardware_irq/irq.c.obj
                0x00000000100008d8                irq_is_enabled
 .text.irq_set_pending
                0x00000000100008f0       0x10 CMakeFiles/pid_mnodular.dir/Users/skyneticist/pico/pico-sdk/src/rp2_common/hardware_irq/irq.c.obj
                0x00000000100008f0                irq_set_pending
 .text.irq_has_shared_handler
                0x0000000010000900       0x2c CMakeFiles/pid_mnodular.dir/Users/skyneticist/pico/pico-sdk/src/rp2_common/hardware_irq/irq.c.obj
                0x0000000010000900                irq_has_shared_handler
 .text.irq_get_vtable_handler
                0x000000001000092c       0x10 CMakeFiles/pid_mnodular.dir/Users/skyneticist/pico/pico-sdk/src/rp2_common/hardware_irq/irq.c.obj
                0x000000001000092c                irq_get_vtable_handler
 .text.irq_set_exclusive_handler
                0x000000001000093c       0x54 CMakeFiles/pid_mnodular.dir/Users/skyneticist/pico/pico-sdk/src/rp2_common/hardware_irq/irq.c.obj
                0x000000001000093c                irq_set_exclusive_handler
 .text.irq_add_shared_handler
                0x0000000010000990      0x1e8 CMakeFiles/pid_mnodular.dir/Users/skyneticist/pico/pico-sdk/src/rp2_common/hardware_irq/irq.c.obj
                0x0000000010000990                irq_add_shared_handler
 .text.irq_remove_handler
                0x0000000010000b78      0x1b0 CMakeFiles/pid_mnodular.dir/Users/skyneticist/pico/pico-sdk/src/rp2_common/hardware_irq/irq.c.obj
                0x0000000010000b78                irq_remove_handler
 .text.irq_add_tail_to_free_list
                0x0000000010000d28       0xb4 CMakeFiles/pid_mnodular.dir/Users/skyneticist/pico/pico-sdk/src/rp2_common/hardware_irq/irq.c.obj
                0x0000000010000d28                irq_add_tail_to_free_list
 .text.irq_init_priorities
                0x0000000010000ddc       0x24 CMakeFiles/pid_mnodular.dir/Users/skyneticist/pico/pico-sdk/src/rp2_common/hardware_irq/irq.c.obj
                0x0000000010000ddc                irq_init_priorities
 .text.user_irq_claim_unused
                0x0000000010000e00       0x28 CMakeFiles/pid_mnodular.dir/Users/skyneticist/pico/pico-sdk/src/rp2_common/hardware_irq/irq.c.obj
                0x0000000010000e00                user_irq_claim_unused
 .text.lock_init
                0x0000000010000e28       0x10 CMakeFiles/pid_mnodular.dir/Users/skyneticist/pico/pico-sdk/src/common/pico_sync/lock_core.c.obj
                0x0000000010000e28                lock_init
 .text.mutex_init
                0x0000000010000e38       0x1c CMakeFiles/pid_mnodular.dir/Users/skyneticist/pico/pico-sdk/src/common/pico_sync/mutex.c.obj
                0x0000000010000e38                mutex_init
 .text.recursive_mutex_init
                0x0000000010000e54       0x1c CMakeFiles/pid_mnodular.dir/Users/skyneticist/pico/pico-sdk/src/common/pico_sync/mutex.c.obj
                0x0000000010000e54                recursive_mutex_init
 .text.critical_section_init
                0x0000000010000e70       0x20 CMakeFiles/pid_mnodular.dir/Users/skyneticist/pico/pico-sdk/src/common/pico_sync/critical_section.c.obj
                0x0000000010000e70                critical_section_init
 .text.critical_section_init_with_lock_num
                0x0000000010000e90       0x14 CMakeFiles/pid_mnodular.dir/Users/skyneticist/pico/pico-sdk/src/common/pico_sync/critical_section.c.obj
                0x0000000010000e90                critical_section_init_with_lock_num
 .text.timer_pool_entry_comparator
                0x0000000010000ea4       0x34 CMakeFiles/pid_mnodular.dir/Users/skyneticist/pico/pico-sdk/src/common/pico_time/time.c.obj
                0x0000000010000ea4                timer_pool_entry_comparator
 .text.sleep_until_callback
                0x0000000010000ed8       0x30 CMakeFiles/pid_mnodular.dir/Users/skyneticist/pico/pico-sdk/src/common/pico_time/time.c.obj
 .text.add_alarm_under_lock.isra.0
                0x0000000010000f08      0x100 CMakeFiles/pid_mnodular.dir/Users/skyneticist/pico/pico-sdk/src/common/pico_time/time.c.obj
 .text.alarm_pool_alarm_callback
                0x0000000010001008      0x1b8 CMakeFiles/pid_mnodular.dir/Users/skyneticist/pico/pico-sdk/src/common/pico_time/time.c.obj
 .text.alarm_pool_init_default
                0x00000000100011c0       0x6c CMakeFiles/pid_mnodular.dir/Users/skyneticist/pico/pico-sdk/src/common/pico_time/time.c.obj
                0x00000000100011c0                alarm_pool_init_default
 .text.alarm_pool_get_default
                0x000000001000122c        0x8 CMakeFiles/pid_mnodular.dir/Users/skyneticist/pico/pico-sdk/src/common/pico_time/time.c.obj
                0x000000001000122c                alarm_pool_get_default
 .text.alarm_pool_add_alarm_at
                0x0000000010001234      0x17c CMakeFiles/pid_mnodular.dir/Users/skyneticist/pico/pico-sdk/src/common/pico_time/time.c.obj
                0x0000000010001234                alarm_pool_add_alarm_at
 .text.alarm_pool_cancel_alarm
                0x00000000100013b0       0x74 CMakeFiles/pid_mnodular.dir/Users/skyneticist/pico/pico-sdk/src/common/pico_time/time.c.obj
                0x00000000100013b0                alarm_pool_cancel_alarm
 .text.alarm_pool_core_num
                0x0000000010001424        0x4 CMakeFiles/pid_mnodular.dir/Users/skyneticist/pico/pico-sdk/src/common/pico_time/time.c.obj
                0x0000000010001424                alarm_pool_core_num
 .text.sleep_until
                0x0000000010001428       0xc4 CMakeFiles/pid_mnodular.dir/Users/skyneticist/pico/pico-sdk/src/common/pico_time/time.c.obj
                0x0000000010001428                sleep_until
 .text.sleep_us
                0x00000000100014ec       0x24 CMakeFiles/pid_mnodular.dir/Users/skyneticist/pico/pico-sdk/src/common/pico_time/time.c.obj
                0x00000000100014ec                sleep_us
 .text.sleep_ms
                0x0000000010001510       0x34 CMakeFiles/pid_mnodular.dir/Users/skyneticist/pico/pico-sdk/src/common/pico_time/time.c.obj
                0x0000000010001510                sleep_ms
 .text.best_effort_wfe_or_timeout
                0x0000000010001544       0x78 CMakeFiles/pid_mnodular.dir/Users/skyneticist/pico/pico-sdk/src/common/pico_time/time.c.obj
                0x0000000010001544                best_effort_wfe_or_timeout
 .text.hardware_alarm_irq_handler
                0x00000000100015bc       0xbc CMakeFiles/pid_mnodular.dir/Users/skyneticist/pico/pico-sdk/src/rp2_common/hardware_timer/timer.c.obj
 .text.hardware_alarm_claim
                0x0000000010001678       0x18 CMakeFiles/pid_mnodular.dir/Users/skyneticist/pico/pico-sdk/src/rp2_common/hardware_timer/timer.c.obj
                0x0000000010001678                hardware_alarm_claim
 .text.time_us_64
                0x0000000010001690       0x14 CMakeFiles/pid_mnodular.dir/Users/skyneticist/pico/pico-sdk/src/rp2_common/hardware_timer/timer.c.obj
                0x0000000010001690                time_us_64
 .text.busy_wait_us
                0x00000000100016a4       0x54 CMakeFiles/pid_mnodular.dir/Users/skyneticist/pico/pico-sdk/src/rp2_common/hardware_timer/timer.c.obj
                0x00000000100016a4                busy_wait_us
 .text.busy_wait_until
                0x00000000100016f8       0x20 CMakeFiles/pid_mnodular.dir/Users/skyneticist/pico/pico-sdk/src/rp2_common/hardware_timer/timer.c.obj
                0x00000000100016f8                busy_wait_until
 .text.hardware_alarm_set_callback
                0x0000000010001718       0x8c CMakeFiles/pid_mnodular.dir/Users/skyneticist/pico/pico-sdk/src/rp2_common/hardware_timer/timer.c.obj
                0x0000000010001718                hardware_alarm_set_callback
 .text.hardware_alarm_set_target
                0x00000000100017a4       0xe0 CMakeFiles/pid_mnodular.dir/Users/skyneticist/pico/pico-sdk/src/rp2_common/hardware_timer/timer.c.obj
                0x00000000100017a4                hardware_alarm_set_target
 .text.hardware_alarm_cancel
                0x0000000010001884       0x3c CMakeFiles/pid_mnodular.dir/Users/skyneticist/pico/pico-sdk/src/rp2_common/hardware_timer/timer.c.obj
                0x0000000010001884                hardware_alarm_cancel
 .text.ph_merge_nodes
                0x00000000100018c0       0x68 CMakeFiles/pid_mnodular.dir/Users/skyneticist/pico/pico-sdk/src/common/pico_util/pheap.c.obj
 .text.ph_post_alloc_init
                0x0000000010001928       0x3c CMakeFiles/pid_mnodular.dir/Users/skyneticist/pico/pico-sdk/src/common/pico_util/pheap.c.obj
                0x0000000010001928                ph_post_alloc_init
 .text.ph_merge_two_pass
                0x0000000010001964       0x90 CMakeFiles/pid_mnodular.dir/Users/skyneticist/pico/pico-sdk/src/common/pico_util/pheap.c.obj
                0x0000000010001964                ph_merge_two_pass
 .text.ph_remove_any_head
                0x00000000100019f4      0x100 CMakeFiles/pid_mnodular.dir/Users/skyneticist/pico/pico-sdk/src/common/pico_util/pheap.c.obj
 .text.ph_remove_head
                0x0000000010001af4      0x104 CMakeFiles/pid_mnodular.dir/Users/skyneticist/pico/pico-sdk/src/common/pico_util/pheap.c.obj
                0x0000000010001af4                ph_remove_head
 .text.ph_remove_and_free_node
                0x0000000010001bf8       0x7c CMakeFiles/pid_mnodular.dir/Users/skyneticist/pico/pico-sdk/src/common/pico_util/pheap.c.obj
                0x0000000010001bf8                ph_remove_and_free_node
 .text.uart_init
                0x0000000010001c74       0xe0 CMakeFiles/pid_mnodular.dir/Users/skyneticist/pico/pico-sdk/src/rp2_common/hardware_uart/uart.c.obj
                0x0000000010001c74                uart_init
 .text.clocks_init
                0x0000000010001d54      0x2bc CMakeFiles/pid_mnodular.dir/Users/skyneticist/pico/pico-sdk/src/rp2_common/hardware_clocks/clocks.c.obj
                0x0000000010001d54                clocks_init
 .text.clock_get_hz
                0x0000000010002010        0xc CMakeFiles/pid_mnodular.dir/Users/skyneticist/pico/pico-sdk/src/rp2_common/hardware_clocks/clocks.c.obj
                0x0000000010002010                clock_get_hz
 .text.pll_init
                0x000000001000201c       0xb0 CMakeFiles/pid_mnodular.dir/Users/skyneticist/pico/pico-sdk/src/rp2_common/hardware_pll/pll.c.obj
                0x000000001000201c                pll_init
 .text.watchdog_start_tick
                0x00000000100020cc       0x10 CMakeFiles/pid_mnodular.dir/Users/skyneticist/pico/pico-sdk/src/rp2_common/hardware_watchdog/watchdog.c.obj
                0x00000000100020cc                watchdog_start_tick
 .text.watchdog_reboot
                0x00000000100020dc       0x98 CMakeFiles/pid_mnodular.dir/Users/skyneticist/pico/pico-sdk/src/rp2_common/hardware_watchdog/watchdog.c.obj
                0x00000000100020dc                watchdog_reboot
 .text.xosc_init
                0x0000000010002174       0x28 CMakeFiles/pid_mnodular.dir/Users/skyneticist/pico/pico-sdk/src/rp2_common/hardware_xosc/xosc.c.obj
                0x0000000010002174                xosc_init
 .text.runtime_init
                0x000000001000219c       0xf0 CMakeFiles/pid_mnodular.dir/Users/skyneticist/pico/pico-sdk/src/rp2_common/pico_runtime/runtime.c.obj
                0x000000001000219c                runtime_init
 .text._exit    0x000000001000228c        0x4 CMakeFiles/pid_mnodular.dir/Users/skyneticist/pico/pico-sdk/src/rp2_common/pico_runtime/runtime.c.obj
                0x000000001000228c                _exit
 .text._sbrk    0x0000000010002290       0x34 CMakeFiles/pid_mnodular.dir/Users/skyneticist/pico/pico-sdk/src/rp2_common/pico_runtime/runtime.c.obj
                0x0000000010002290                _sbrk
 .text.exit     0x00000000100022c4        0x8 CMakeFiles/pid_mnodular.dir/Users/skyneticist/pico/pico-sdk/src/rp2_common/pico_runtime/runtime.c.obj
                0x00000000100022c4                exit
 .text.__assert_func
                0x00000000100022cc       0x34 CMakeFiles/pid_mnodular.dir/Users/skyneticist/pico/pico-sdk/src/rp2_common/pico_runtime/runtime.c.obj
                0x00000000100022cc                __assert_func
 .text.panic    0x0000000010002300       0x30 CMakeFiles/pid_mnodular.dir/Users/skyneticist/pico/pico-sdk/src/rp2_common/pico_runtime/runtime.c.obj
                0x0000000010002300                panic
 .text.hard_assertion_failure
                0x0000000010002330        0xc CMakeFiles/pid_mnodular.dir/Users/skyneticist/pico/pico-sdk/src/rp2_common/pico_runtime/runtime.c.obj
                0x0000000010002330                hard_assertion_failure
 .text._out_buffer
                0x000000001000233c        0x8 CMakeFiles/pid_mnodular.dir/Users/skyneticist/pico/pico-sdk/src/rp2_common/pico_printf/printf.c.obj
 .text._out_null
                0x0000000010002344        0x4 CMakeFiles/pid_mnodular.dir/Users/skyneticist/pico/pico-sdk/src/rp2_common/pico_printf/printf.c.obj
 .text._out_rev
                0x0000000010002348       0x9c CMakeFiles/pid_mnodular.dir/Users/skyneticist/pico/pico-sdk/src/rp2_common/pico_printf/printf.c.obj
 .text._ntoa_format
                0x00000000100023e4      0x1cc CMakeFiles/pid_mnodular.dir/Users/skyneticist/pico/pico-sdk/src/rp2_common/pico_printf/printf.c.obj
 .text._out_char
                0x00000000100025b0       0x10 CMakeFiles/pid_mnodular.dir/Users/skyneticist/pico/pico-sdk/src/rp2_common/pico_printf/printf.c.obj
 .text._out_fct
                0x00000000100025c0       0x10 CMakeFiles/pid_mnodular.dir/Users/skyneticist/pico/pico-sdk/src/rp2_common/pico_printf/printf.c.obj
 .text._etoa    0x00000000100025d0      0x44c CMakeFiles/pid_mnodular.dir/Users/skyneticist/pico/pico-sdk/src/rp2_common/pico_printf/printf.c.obj
 .text._ftoa    0x0000000010002a1c      0x398 CMakeFiles/pid_mnodular.dir/Users/skyneticist/pico/pico-sdk/src/rp2_common/pico_printf/printf.c.obj
 .text._vsnprintf
                0x0000000010002db4      0xb04 CMakeFiles/pid_mnodular.dir/Users/skyneticist/pico/pico-sdk/src/rp2_common/pico_printf/printf.c.obj
 .text.__wrap_sprintf
                0x00000000100038b8       0x28 CMakeFiles/pid_mnodular.dir/Users/skyneticist/pico/pico-sdk/src/rp2_common/pico_printf/printf.c.obj
                0x00000000100038b8                __wrap_sprintf
 .text.vfctprintf
                0x00000000100038e0       0x20 CMakeFiles/pid_mnodular.dir/Users/skyneticist/pico/pico-sdk/src/rp2_common/pico_printf/printf.c.obj
                0x00000000100038e0                vfctprintf
 .text.weak_raw_printf
                0x0000000010003900       0x40 CMakeFiles/pid_mnodular.dir/Users/skyneticist/pico/pico-sdk/src/rp2_common/pico_printf/printf.c.obj
                0x0000000010003900                weak_raw_printf
 .text.weak_raw_vprintf
                0x0000000010003940       0x30 CMakeFiles/pid_mnodular.dir/Users/skyneticist/pico/pico-sdk/src/rp2_common/pico_printf/printf.c.obj
                0x0000000010003940                weak_raw_vprintf
 .text          0x0000000010003970       0x10 CMakeFiles/pid_mnodular.dir/Users/skyneticist/pico/pico-sdk/src/rp2_common/pico_bit_ops/bit_ops_aeabi.S.obj
 .text.rom_func_lookup
                0x0000000010003980       0x10 CMakeFiles/pid_mnodular.dir/Users/skyneticist/pico/pico-sdk/src/rp2_common/pico_bootrom/bootrom.c.obj
                0x0000000010003980                rom_func_lookup
 .text.rom_data_lookup
                0x0000000010003990       0x10 CMakeFiles/pid_mnodular.dir/Users/skyneticist/pico/pico-sdk/src/rp2_common/pico_bootrom/bootrom.c.obj
                0x0000000010003990                rom_data_lookup
 .text.rom_funcs_lookup
                0x00000000100039a0       0x44 CMakeFiles/pid_mnodular.dir/Users/skyneticist/pico/pico-sdk/src/rp2_common/pico_bootrom/bootrom.c.obj
                0x00000000100039a0                rom_funcs_lookup
 .text.__wrap___aeabi_idiv
                0x00000000100039e4       0x50 CMakeFiles/pid_mnodular.dir/Users/skyneticist/pico/pico-sdk/src/rp2_common/pico_divider/divider.S.obj
                0x00000000100039e4                __wrap___aeabi_idivmod
                0x00000000100039e4                divmod_s32s32
                0x00000000100039e4                div_s32s32
                0x00000000100039e4                __wrap___aeabi_idiv
                0x00000000100039ec                divmod_s32s32_unsafe
                0x0000000010003a18                divmod_s32s32_savestate
 .text.__wrap___aeabi_uidiv
                0x0000000010003a34       0x4c CMakeFiles/pid_mnodular.dir/Users/skyneticist/pico/pico-sdk/src/rp2_common/pico_divider/divider.S.obj
                0x0000000010003a34                __wrap___aeabi_uidiv
                0x0000000010003a34                __wrap___aeabi_uidivmod
                0x0000000010003a34                div_u32u32
                0x0000000010003a34                divmod_u32u32
                0x0000000010003a3c                divmod_u32u32_unsafe
                0x0000000010003a64                divmod_u32u32_savestate
 .text.__wrap___aeabi_ldiv
                0x0000000010003a80      0x424 CMakeFiles/pid_mnodular.dir/Users/skyneticist/pico/pico-sdk/src/rp2_common/pico_divider/divider.S.obj
                0x0000000010003a80                __wrap___aeabi_ldivmod
                0x0000000010003a80                div_s64s64
                0x0000000010003a80                divmod_s64s64
                0x0000000010003ab0                divmod_u64u64
                0x0000000010003ab0                div_u64u64
                0x0000000010003ab0                __wrap___aeabi_uldivmod
                0x0000000010003ac0                divmod_u64u64_savestate
                0x0000000010003ae0                divmod_s64s64_unsafe
                0x0000000010003b68                divmod_u64u64_unsafe
 .text.__wrap___aeabi_darithmetic
                0x0000000010003ea4       0x80 CMakeFiles/pid_mnodular.dir/Users/skyneticist/pico/pico-sdk/src/rp2_common/pico_double/double_aeabi.S.obj
                0x0000000010003ea4                __wrap___aeabi_drsub
                0x0000000010003eaa                __wrap___aeabi_dsub
                0x0000000010003ebc                __wrap___aeabi_dadd
                0x0000000010003ece                __wrap___aeabi_ddiv
                0x0000000010003f0a                __wrap___aeabi_dmul
 .text.__wrap___aeabi_cdcmple
                0x0000000010003f24       0x6c CMakeFiles/pid_mnodular.dir/Users/skyneticist/pico/pico-sdk/src/rp2_common/pico_double/double_aeabi.S.obj
                0x0000000010003f24                __wrap___aeabi_cdrcmple
                0x0000000010003f34                __wrap___aeabi_cdcmple
                0x0000000010003f34                __wrap___aeabi_cdcmpeq
 .text.__wrap___aeabi_dcmpeq
                0x0000000010003f90       0x10 CMakeFiles/pid_mnodular.dir/Users/skyneticist/pico/pico-sdk/src/rp2_common/pico_double/double_aeabi.S.obj
                0x0000000010003f90                __wrap___aeabi_dcmpeq
 .text.__wrap___aeabi_dcmplt
                0x0000000010003fa0        0xc CMakeFiles/pid_mnodular.dir/Users/skyneticist/pico/pico-sdk/src/rp2_common/pico_double/double_aeabi.S.obj
                0x0000000010003fa0                __wrap___aeabi_dcmplt
 .text.__wrap___aeabi_dcmple
                0x0000000010003fac       0x10 CMakeFiles/pid_mnodular.dir/Users/skyneticist/pico/pico-sdk/src/rp2_common/pico_double/double_aeabi.S.obj
                0x0000000010003fac                __wrap___aeabi_dcmple
 .text.__wrap___aeabi_dcmpge
                0x0000000010003fbc       0x10 CMakeFiles/pid_mnodular.dir/Users/skyneticist/pico/pico-sdk/src/rp2_common/pico_double/double_aeabi.S.obj
                0x0000000010003fbc                __wrap___aeabi_dcmpge
 .text.__wrap___aeabi_dcmpgt
                0x0000000010003fcc        0xa CMakeFiles/pid_mnodular.dir/Users/skyneticist/pico/pico-sdk/src/rp2_common/pico_double/double_aeabi.S.obj
                0x0000000010003fcc                __wrap___aeabi_dcmpgt
 .text.__wrap___aeabi_dcmpun
                0x0000000010003fd6       0x1c CMakeFiles/pid_mnodular.dir/Users/skyneticist/pico/pico-sdk/src/rp2_common/pico_double/double_aeabi.S.obj
                0x0000000010003fd6                __wrap___aeabi_dcmpun
 *fill*         0x0000000010003ff2        0x2 
 .text.__wrap___aeabi_i2d
                0x0000000010003ff4       0x38 CMakeFiles/pid_mnodular.dir/Users/skyneticist/pico/pico-sdk/src/rp2_common/pico_double/double_aeabi.S.obj
                0x0000000010003ff4                __wrap___aeabi_ui2d
                0x0000000010003ffc                __wrap___aeabi_i2d
 .text.__wrap___aeabi_d2iz
                0x000000001000402c       0x48 CMakeFiles/pid_mnodular.dir/Users/skyneticist/pico/pico-sdk/src/rp2_common/pico_double/double_aeabi.S.obj
                0x000000001000402c                __wrap___aeabi_d2iz
                0x000000001000402c                double2int_z
 .text.__wrap___aeabi_d2uiz
                0x0000000010004074       0x18 CMakeFiles/pid_mnodular.dir/Users/skyneticist/pico/pico-sdk/src/rp2_common/pico_double/double_aeabi.S.obj
                0x0000000010004074                double2uint
                0x0000000010004074                __wrap___aeabi_d2uiz
 .text.__wrap___aeabi_l2d
                0x000000001000408c       0x18 CMakeFiles/pid_mnodular.dir/Users/skyneticist/pico/pico-sdk/src/rp2_common/pico_double/double_aeabi.S.obj
                0x000000001000408c                __wrap___aeabi_l2d
 .text.__wrap___aeabi_d2lz
                0x00000000100040a4       0x26 CMakeFiles/pid_mnodular.dir/Users/skyneticist/pico/pico-sdk/src/rp2_common/pico_double/double_aeabi.S.obj
                0x00000000100040a4                __wrap___aeabi_d2lz
                0x00000000100040a4                double2int64_z
 *fill*         0x00000000100040ca        0x2 
 .text.double2int64
                0x00000000100040cc       0x18 CMakeFiles/pid_mnodular.dir/Users/skyneticist/pico/pico-sdk/src/rp2_common/pico_double/double_aeabi.S.obj
                0x00000000100040cc                double2int64
 .text.double2ufix64
                0x00000000100040e4       0x18 CMakeFiles/pid_mnodular.dir/Users/skyneticist/pico/pico-sdk/src/rp2_common/pico_double/double_aeabi.S.obj
                0x00000000100040e4                double2ufix64
 .text.__wrap___aeabi_d2f
                0x00000000100040fc       0x18 CMakeFiles/pid_mnodular.dir/Users/skyneticist/pico/pico-sdk/src/rp2_common/pico_double/double_aeabi.S.obj
                0x00000000100040fc                __wrap___aeabi_d2f
 .text.__aeabi_double_init
                0x0000000010004114       0x94 CMakeFiles/pid_mnodular.dir/Users/skyneticist/pico/pico-sdk/src/rp2_common/pico_double/double_init_rom.c.obj
                0x0000000010004114                __aeabi_double_init
 .text.double_table_shim_on_use_helper
                0x00000000100041a8       0x2c CMakeFiles/pid_mnodular.dir/Users/skyneticist/pico/pico-sdk/src/rp2_common/pico_double/double_v1_rom_shim.S.obj
                0x00000000100041a8                double_table_shim_on_use_helper
 .text.__wrap___aeabi_dsub
                0x00000000100041d4       0x10 CMakeFiles/pid_mnodular.dir/Users/skyneticist/pico/pico-sdk/src/rp2_common/pico_double/double_v1_rom_shim.S.obj
                0x00000000100041d4                drsub_shim
                0x00000000100041da                dsub_shim
 .text.dadd_shim
                0x00000000100041e4      0x15c CMakeFiles/pid_mnodular.dir/Users/skyneticist/pico/pico-sdk/src/rp2_common/pico_double/double_v1_rom_shim.S.obj
                0x00000000100041e4                dadd_shim
 .text.dmul_shim
                0x0000000010004340      0x15c CMakeFiles/pid_mnodular.dir/Users/skyneticist/pico/pico-sdk/src/rp2_common/pico_double/double_v1_rom_shim.S.obj
                0x0000000010004340                dmul_shim
 .text.ddiv_shim
                0x000000001000449c      0x1b0 CMakeFiles/pid_mnodular.dir/Users/skyneticist/pico/pico-sdk/src/rp2_common/pico_double/double_v1_rom_shim.S.obj
                0x000000001000449c                ddiv_shim
 .text.double2uint_shim
                0x000000001000464c        0xe CMakeFiles/pid_mnodular.dir/Users/skyneticist/pico/pico-sdk/src/rp2_common/pico_double/double_v1_rom_shim.S.obj
                0x000000001000464c                double2uint_shim
                0x000000001000464e                double2ufix_shim
 .text.double2int64_shim
                0x000000001000465a       0x1a CMakeFiles/pid_mnodular.dir/Users/skyneticist/pico/pico-sdk/src/rp2_common/pico_double/double_v1_rom_shim.S.obj
                0x000000001000465a                double2int64_shim
                0x000000001000465c                double2fix64_shim
 .text.double2uint64_shim
                0x0000000010004674       0x70 CMakeFiles/pid_mnodular.dir/Users/skyneticist/pico/pico-sdk/src/rp2_common/pico_double/double_v1_rom_shim.S.obj
                0x0000000010004674                double2uint64_shim
                0x0000000010004676                double2ufix64_shim
                0x0000000010004696                d2fix_a
 .text.double2float_shim
                0x00000000100046e4       0x5c CMakeFiles/pid_mnodular.dir/Users/skyneticist/pico/pico-sdk/src/rp2_common/pico_double/double_v1_rom_shim.S.obj
                0x00000000100046e4                double2float_shim
 .text.x2double_shims
                0x0000000010004740       0x90 CMakeFiles/pid_mnodular.dir/Users/skyneticist/pico/pico-sdk/src/rp2_common/pico_double/double_v1_rom_shim.S.obj
                0x0000000010004740                uint2double_shim
                0x0000000010004742                ufix2double_shim
                0x0000000010004748                int2double_shim
                0x000000001000474a                fix2double_shim
                0x0000000010004750                uint642double_shim
                0x0000000010004752                ufix642double_shim
                0x0000000010004758                int642double_shim
                0x000000001000475a                fix642double_shim
 .text.dunpacks
                0x00000000100047d0       0x3c CMakeFiles/pid_mnodular.dir/Users/skyneticist/pico/pico-sdk/src/rp2_common/pico_double/double_v1_rom_shim.S.obj
                0x00000000100047d0                dunpacks
 .text.__aeabi_lmul
                0x000000001000480c       0x32 CMakeFiles/pid_mnodular.dir/Users/skyneticist/pico/pico-sdk/src/rp2_common/pico_int64_ops/pico_int64_ops_aeabi.S.obj
                0x000000001000480c                __wrap___aeabi_lmul
 *fill*         0x000000001000483e        0x2 
 .text.__wrap___aeabi_farithmetic
                0x0000000010004840       0x48 CMakeFiles/pid_mnodular.dir/Users/skyneticist/pico/pico-sdk/src/rp2_common/pico_float/float_aeabi.S.obj
                0x0000000010004840                __wrap___aeabi_frsub
                0x0000000010004846                __wrap___aeabi_fsub
                0x000000001000484c                __wrap___aeabi_fadd
                0x0000000010004852                __wrap___aeabi_fdiv
                0x000000001000487a                __wrap___aeabi_fmul
 .text.__wrap___aeabi_f2d
                0x0000000010004888       0x14 CMakeFiles/pid_mnodular.dir/Users/skyneticist/pico/pico-sdk/src/rp2_common/pico_float/float_aeabi.S.obj
                0x0000000010004888                __wrap___aeabi_f2d
 .text.__aeabi_float_init
                0x000000001000489c       0x64 CMakeFiles/pid_mnodular.dir/Users/skyneticist/pico/pico-sdk/src/rp2_common/pico_float/float_init_rom.c.obj
                0x000000001000489c                __aeabi_float_init
 .text.float_table_shim_on_use_helper
                0x0000000010004900       0x2c CMakeFiles/pid_mnodular.dir/Users/skyneticist/pico/pico-sdk/src/rp2_common/pico_float/float_v1_rom_shim.S.obj
                0x0000000010004900                float_table_shim_on_use_helper
 .text.float2double_shim
                0x000000001000492c       0x30 CMakeFiles/pid_mnodular.dir/Users/skyneticist/pico/pico-sdk/src/rp2_common/pico_float/float_v1_rom_shim.S.obj
                0x000000001000492c                float2double_shim
 .text.__wrap_malloc
                0x000000001000495c       0x3c CMakeFiles/pid_mnodular.dir/Users/skyneticist/pico/pico-sdk/src/rp2_common/pico_malloc/pico_malloc.c.obj
                0x000000001000495c                __wrap_malloc
 .text.__wrap_realloc
                0x0000000010004998       0x40 CMakeFiles/pid_mnodular.dir/Users/skyneticist/pico/pico-sdk/src/rp2_common/pico_malloc/pico_malloc.c.obj
                0x0000000010004998                __wrap_realloc
 .text.__wrap_free
                0x00000000100049d8       0x20 CMakeFiles/pid_mnodular.dir/Users/skyneticist/pico/pico-sdk/src/rp2_common/pico_malloc/pico_malloc.c.obj
                0x00000000100049d8                __wrap_free
 .text          0x00000000100049f8       0x10 CMakeFiles/pid_mnodular.dir/Users/skyneticist/pico/pico-sdk/src/rp2_common/pico_mem_ops/mem_ops_aeabi.S.obj
                0x00000000100049f8                __aeabi_mem_init
 .text.memset   0x0000000010004a08        0xc CMakeFiles/pid_mnodular.dir/Users/skyneticist/pico/pico-sdk/src/rp2_common/pico_mem_ops/mem_ops_aeabi.S.obj
                0x0000000010004a08                __wrap_memset
 .text.memcpy   0x0000000010004a14        0xc CMakeFiles/pid_mnodular.dir/Users/skyneticist/pico/pico-sdk/src/rp2_common/pico_mem_ops/mem_ops_aeabi.S.obj
                0x0000000010004a14                __wrap___aeabi_memcpy
                0x0000000010004a14                __wrap_memcpy
 .text.stdio_out_chars_no_crlf
                0x0000000010004a20       0x10 CMakeFiles/pid_mnodular.dir/Users/skyneticist/pico/pico-sdk/src/rp2_common/pico_stdio/stdio.c.obj
 .text.stdio_out_chars_crlf
                0x0000000010004a30       0xb4 CMakeFiles/pid_mnodular.dir/Users/skyneticist/pico/pico-sdk/src/rp2_common/pico_stdio/stdio.c.obj
 .text.stdio_buffered_printer
                0x0000000010004ae4       0x64 CMakeFiles/pid_mnodular.dir/Users/skyneticist/pico/pico-sdk/src/rp2_common/pico_stdio/stdio.c.obj
 .text.stdio_put_string.isra.0
                0x0000000010004b48       0xfc CMakeFiles/pid_mnodular.dir/Users/skyneticist/pico/pico-sdk/src/rp2_common/pico_stdio/stdio.c.obj
 .text.__wrap_putchar
                0x0000000010004c44       0x98 CMakeFiles/pid_mnodular.dir/Users/skyneticist/pico/pico-sdk/src/rp2_common/pico_stdio/stdio.c.obj
                0x0000000010004c44                __wrap_putchar
 .text.__wrap_puts
                0x0000000010004cdc       0x3c CMakeFiles/pid_mnodular.dir/Users/skyneticist/pico/pico-sdk/src/rp2_common/pico_stdio/stdio.c.obj
                0x0000000010004cdc                __wrap_puts
 .text._read    0x0000000010004d18       0x94 CMakeFiles/pid_mnodular.dir/Users/skyneticist/pico/pico-sdk/src/rp2_common/pico_stdio/stdio.c.obj
                0x0000000010004d18                _read
 .text._write   0x0000000010004dac       0xac CMakeFiles/pid_mnodular.dir/Users/skyneticist/pico/pico-sdk/src/rp2_common/pico_stdio/stdio.c.obj
                0x0000000010004dac                _write
 .text._close   0x0000000010004e58        0x8 CMakeFiles/pid_mnodular.dir/Users/skyneticist/pico/pico-sdk/src/rp2_common/pico_stdio/stdio.c.obj
                0x0000000010004e58                _close
 .text._lseek   0x0000000010004e60        0x8 CMakeFiles/pid_mnodular.dir/Users/skyneticist/pico/pico-sdk/src/rp2_common/pico_stdio/stdio.c.obj
                0x0000000010004e60                _lseek
 .text._fstat   0x0000000010004e68        0x8 CMakeFiles/pid_mnodular.dir/Users/skyneticist/pico/pico-sdk/src/rp2_common/pico_stdio/stdio.c.obj
                0x0000000010004e68                _fstat
 .text._isatty  0x0000000010004e70        0xc CMakeFiles/pid_mnodular.dir/Users/skyneticist/pico/pico-sdk/src/rp2_common/pico_stdio/stdio.c.obj
                0x0000000010004e70                _isatty
 .text.stdio_set_driver_enabled
                0x0000000010004e7c       0x30 CMakeFiles/pid_mnodular.dir/Users/skyneticist/pico/pico-sdk/src/rp2_common/pico_stdio/stdio.c.obj
                0x0000000010004e7c                stdio_set_driver_enabled
 .text.__wrap_vprintf
                0x0000000010004eac       0xd8 CMakeFiles/pid_mnodular.dir/Users/skyneticist/pico/pico-sdk/src/rp2_common/pico_stdio/stdio.c.obj
                0x0000000010004eac                __wrap_vprintf
 .text.__wrap_printf
                0x0000000010004f84       0x18 CMakeFiles/pid_mnodular.dir/Users/skyneticist/pico/pico-sdk/src/rp2_common/pico_stdio/stdio.c.obj
                0x0000000010004f84                __wrap_printf
 .text.stdio_init_all
                0x0000000010004f9c       0x10 CMakeFiles/pid_mnodular.dir/Users/skyneticist/pico/pico-sdk/src/rp2_common/pico_stdio/stdio.c.obj
                0x0000000010004f9c                stdio_init_all
 .text.stdio_uart_out_chars
                0x0000000010004fac       0x4c CMakeFiles/pid_mnodular.dir/Users/skyneticist/pico/pico-sdk/src/rp2_common/pico_stdio_uart/stdio_uart.c.obj
 .text.stdio_uart_in_chars
                0x0000000010004ff8       0x84 CMakeFiles/pid_mnodular.dir/Users/skyneticist/pico/pico-sdk/src/rp2_common/pico_stdio_uart/stdio_uart.c.obj
                0x0000000010004ff8                stdio_uart_in_chars
 .text.on_uart_rx
                0x000000001000507c       0x28 CMakeFiles/pid_mnodular.dir/Users/skyneticist/pico/pico-sdk/src/rp2_common/pico_stdio_uart/stdio_uart.c.obj
 .text.stdio_uart_set_chars_available_callback
                0x00000000100050a4       0x8c CMakeFiles/pid_mnodular.dir/Users/skyneticist/pico/pico-sdk/src/rp2_common/pico_stdio_uart/stdio_uart.c.obj
 .text.stdio_uart_init
                0x0000000010005130       0x48 CMakeFiles/pid_mnodular.dir/Users/skyneticist/pico/pico-sdk/src/rp2_common/pico_stdio_uart/stdio_uart.c.obj
                0x0000000010005130                stdio_uart_init
 .text.resetd_init
                0x0000000010005178        0x4 CMakeFiles/pid_mnodular.dir/Users/skyneticist/pico/pico-sdk/src/rp2_common/pico_stdio_usb/reset_interface.c.obj
 .text.resetd_reset
                0x000000001000517c        0xc CMakeFiles/pid_mnodular.dir/Users/skyneticist/pico/pico-sdk/src/rp2_common/pico_stdio_usb/reset_interface.c.obj
 .text.resetd_open
                0x0000000010005188       0x28 CMakeFiles/pid_mnodular.dir/Users/skyneticist/pico/pico-sdk/src/rp2_common/pico_stdio_usb/reset_interface.c.obj
 .text.resetd_xfer_cb
                0x00000000100051b0        0x4 CMakeFiles/pid_mnodular.dir/Users/skyneticist/pico/pico-sdk/src/rp2_common/pico_stdio_usb/reset_interface.c.obj
 .text.resetd_control_xfer_cb
                0x00000000100051b4       0x64 CMakeFiles/pid_mnodular.dir/Users/skyneticist/pico/pico-sdk/src/rp2_common/pico_stdio_usb/reset_interface.c.obj
 .text.usbd_app_driver_get_cb
                0x0000000010005218        0xc CMakeFiles/pid_mnodular.dir/Users/skyneticist/pico/pico-sdk/src/rp2_common/pico_stdio_usb/reset_interface.c.obj
                0x0000000010005218                usbd_app_driver_get_cb
 .text.tud_cdc_line_coding_cb
                0x0000000010005224       0x34 CMakeFiles/pid_mnodular.dir/Users/skyneticist/pico/pico-sdk/src/rp2_common/pico_stdio_usb/reset_interface.c.obj
                0x0000000010005224                tud_cdc_line_coding_cb
 .text.stdio_usb_set_chars_available_callback
                0x0000000010005258       0x14 CMakeFiles/pid_mnodular.dir/Users/skyneticist/pico/pico-sdk/src/rp2_common/pico_stdio_usb/stdio_usb.c.obj
                0x0000000010005258                stdio_usb_set_chars_available_callback
 .text.usb_irq  0x000000001000526c       0x10 CMakeFiles/pid_mnodular.dir/Users/skyneticist/pico/pico-sdk/src/rp2_common/pico_stdio_usb/stdio_usb.c.obj
 .text.timer_task
                0x000000001000527c       0x54 CMakeFiles/pid_mnodular.dir/Users/skyneticist/pico/pico-sdk/src/rp2_common/pico_stdio_usb/stdio_usb.c.obj
 .text.stdio_usb_in_chars
                0x00000000100052d0       0x90 CMakeFiles/pid_mnodular.dir/Users/skyneticist/pico/pico-sdk/src/rp2_common/pico_stdio_usb/stdio_usb.c.obj
                0x00000000100052d0                stdio_usb_in_chars
 .text.stdio_usb_out_chars
                0x0000000010005360      0x100 CMakeFiles/pid_mnodular.dir/Users/skyneticist/pico/pico-sdk/src/rp2_common/pico_stdio_usb/stdio_usb.c.obj
 .text.low_priority_worker_irq
                0x0000000010005460       0xa8 CMakeFiles/pid_mnodular.dir/Users/skyneticist/pico/pico-sdk/src/rp2_common/pico_stdio_usb/stdio_usb.c.obj
 .text.tud_cdc_rx_cb
                0x0000000010005508       0x20 CMakeFiles/pid_mnodular.dir/Users/skyneticist/pico/pico-sdk/src/rp2_common/pico_stdio_usb/stdio_usb.c.obj
                0x0000000010005508                tud_cdc_rx_cb
 .text.stdio_usb_init
                0x0000000010005528       0xdc CMakeFiles/pid_mnodular.dir/Users/skyneticist/pico/pico-sdk/src/rp2_common/pico_stdio_usb/stdio_usb.c.obj
                0x0000000010005528                stdio_usb_init
 .text.tud_descriptor_device_cb
                0x0000000010005604        0x8 CMakeFiles/pid_mnodular.dir/Users/skyneticist/pico/pico-sdk/src/rp2_common/pico_stdio_usb/stdio_usb_descriptors.c.obj
                0x0000000010005604                tud_descriptor_device_cb
 .text.tud_descriptor_configuration_cb
                0x000000001000560c        0x8 CMakeFiles/pid_mnodular.dir/Users/skyneticist/pico/pico-sdk/src/rp2_common/pico_stdio_usb/stdio_usb_descriptors.c.obj
                0x000000001000560c                tud_descriptor_configuration_cb
 .text.tud_descriptor_string_cb
                0x0000000010005614       0x74 CMakeFiles/pid_mnodular.dir/Users/skyneticist/pico/pico-sdk/src/rp2_common/pico_stdio_usb/stdio_usb_descriptors.c.obj
                0x0000000010005614                tud_descriptor_string_cb
 .text.startup._retrieve_unique_id_on_boot
                0x0000000010005688       0x10 CMakeFiles/pid_mnodular.dir/Users/skyneticist/pico/pico-sdk/src/rp2_common/pico_unique_id/unique_id.c.obj
 .text.pico_get_unique_board_id_string
                0x0000000010005698      0x1a8 CMakeFiles/pid_mnodular.dir/Users/skyneticist/pico/pico-sdk/src/rp2_common/pico_unique_id/unique_id.c.obj
                0x0000000010005698                pico_get_unique_board_id_string
 .text.flash_get_unique_id
                0x0000000010005840       0x40 CMakeFiles/pid_mnodular.dir/Users/skyneticist/pico/pico-sdk/src/rp2_common/hardware_flash/flash.c.obj
                0x0000000010005840                flash_get_unique_id
 .text.dcd_int_enable
                0x0000000010005880        0xc CMakeFiles/pid_mnodular.dir/Users/skyneticist/pico/pico-sdk/lib/tinyusb/src/portable/raspberrypi/rp2040/dcd_rp2040.c.obj
                0x0000000010005880                dcd_int_enable
 .text.dcd_set_address
                0x000000001000588c       0x14 CMakeFiles/pid_mnodular.dir/Users/skyneticist/pico/pico-sdk/lib/tinyusb/src/portable/raspberrypi/rp2040/dcd_rp2040.c.obj
                0x000000001000588c                dcd_set_address
 .text.dcd_connect
                0x00000000100058a0       0x10 CMakeFiles/pid_mnodular.dir/Users/skyneticist/pico/pico-sdk/lib/tinyusb/src/portable/raspberrypi/rp2040/dcd_rp2040.c.obj
                0x00000000100058a0                dcd_connect
 .text.dcd_init
                0x00000000100058b0       0x98 CMakeFiles/pid_mnodular.dir/Users/skyneticist/pico/pico-sdk/lib/tinyusb/src/portable/raspberrypi/rp2040/dcd_rp2040.c.obj
                0x00000000100058b0                dcd_init
 .text.dcd_edpt0_status_complete
                0x0000000010005948       0x1c CMakeFiles/pid_mnodular.dir/Users/skyneticist/pico/pico-sdk/lib/tinyusb/src/portable/raspberrypi/rp2040/dcd_rp2040.c.obj
                0x0000000010005948                dcd_edpt0_status_complete
 .text.dcd_edpt_open
                0x0000000010005964      0x108 CMakeFiles/pid_mnodular.dir/Users/skyneticist/pico/pico-sdk/lib/tinyusb/src/portable/raspberrypi/rp2040/dcd_rp2040.c.obj
                0x0000000010005964                dcd_edpt_open
 .text.dcd_edpt_close_all
                0x0000000010005a6c        0x8 CMakeFiles/pid_mnodular.dir/Users/skyneticist/pico/pico-sdk/lib/tinyusb/src/portable/raspberrypi/rp2040/dcd_rp2040.c.obj
                0x0000000010005a6c                dcd_edpt_close_all
 .text.dcd_edpt_xfer
                0x0000000010005a74       0x24 CMakeFiles/pid_mnodular.dir/Users/skyneticist/pico/pico-sdk/lib/tinyusb/src/portable/raspberrypi/rp2040/dcd_rp2040.c.obj
                0x0000000010005a74                dcd_edpt_xfer
 .text.dcd_edpt_stall
                0x0000000010005a98       0x38 CMakeFiles/pid_mnodular.dir/Users/skyneticist/pico/pico-sdk/lib/tinyusb/src/portable/raspberrypi/rp2040/dcd_rp2040.c.obj
                0x0000000010005a98                dcd_edpt_stall
 .text.dcd_edpt_clear_stall
                0x0000000010005ad0       0x30 CMakeFiles/pid_mnodular.dir/Users/skyneticist/pico/pico-sdk/lib/tinyusb/src/portable/raspberrypi/rp2040/dcd_rp2040.c.obj
                0x0000000010005ad0                dcd_edpt_clear_stall
 .text.rp2040_usb_init
                0x0000000010005b00       0x4c CMakeFiles/pid_mnodular.dir/Users/skyneticist/pico/pico-sdk/lib/tinyusb/src/portable/raspberrypi/rp2040/rp2040_usb.c.obj
                0x0000000010005b00                rp2040_usb_init
 .text.hw_endpoint_xfer_start
                0x0000000010005b4c       0x50 CMakeFiles/pid_mnodular.dir/Users/skyneticist/pico/pico-sdk/lib/tinyusb/src/portable/raspberrypi/rp2040/rp2040_usb.c.obj
                0x0000000010005b4c                hw_endpoint_xfer_start
 .text.tud_mounted
                0x0000000010005b9c       0x10 CMakeFiles/pid_mnodular.dir/Users/skyneticist/pico/pico-sdk/lib/tinyusb/src/device/usbd.c.obj
                0x0000000010005b9c                tud_mounted
 .text.tud_suspended
                0x0000000010005bac       0x10 CMakeFiles/pid_mnodular.dir/Users/skyneticist/pico/pico-sdk/lib/tinyusb/src/device/usbd.c.obj
                0x0000000010005bac                tud_suspended
 .text.tud_inited
                0x0000000010005bbc       0x14 CMakeFiles/pid_mnodular.dir/Users/skyneticist/pico/pico-sdk/lib/tinyusb/src/device/usbd.c.obj
                0x0000000010005bbc                tud_inited
 .text.tud_init
                0x0000000010005bd0       0xe4 CMakeFiles/pid_mnodular.dir/Users/skyneticist/pico/pico-sdk/lib/tinyusb/src/device/usbd.c.obj
                0x0000000010005bd0                tud_init
 .text.tud_task_ext
                0x0000000010005cb4      0x854 CMakeFiles/pid_mnodular.dir/Users/skyneticist/pico/pico-sdk/lib/tinyusb/src/device/usbd.c.obj
                0x0000000010005cb4                tud_task_ext
 .text.usbd_open_edpt_pair
                0x0000000010006508       0x9c CMakeFiles/pid_mnodular.dir/Users/skyneticist/pico/pico-sdk/lib/tinyusb/src/device/usbd.c.obj
                0x0000000010006508                usbd_open_edpt_pair
 .text.usbd_defer_func
                0x00000000100065a4       0x48 CMakeFiles/pid_mnodular.dir/Users/skyneticist/pico/pico-sdk/lib/tinyusb/src/device/usbd.c.obj
                0x00000000100065a4                usbd_defer_func
 .text.usbd_edpt_open
                0x00000000100065ec       0x34 CMakeFiles/pid_mnodular.dir/Users/skyneticist/pico/pico-sdk/lib/tinyusb/src/device/usbd.c.obj
                0x00000000100065ec                usbd_edpt_open
 .text.usbd_edpt_claim
                0x0000000010006620       0x28 CMakeFiles/pid_mnodular.dir/Users/skyneticist/pico/pico-sdk/lib/tinyusb/src/device/usbd.c.obj
                0x0000000010006620                usbd_edpt_claim
 .text.usbd_edpt_release
                0x0000000010006648       0x28 CMakeFiles/pid_mnodular.dir/Users/skyneticist/pico/pico-sdk/lib/tinyusb/src/device/usbd.c.obj
                0x0000000010006648                usbd_edpt_release
 .text.usbd_edpt_xfer
                0x0000000010006670       0x4c CMakeFiles/pid_mnodular.dir/Users/skyneticist/pico/pico-sdk/lib/tinyusb/src/device/usbd.c.obj
                0x0000000010006670                usbd_edpt_xfer
 .text.tud_control_status
                0x00000000100066bc       0x30 CMakeFiles/pid_mnodular.dir/Users/skyneticist/pico/pico-sdk/lib/tinyusb/src/device/usbd_control.c.obj
                0x00000000100066bc                tud_control_status
 .text.tud_control_xfer
                0x00000000100066ec       0xbc CMakeFiles/pid_mnodular.dir/Users/skyneticist/pico/pico-sdk/lib/tinyusb/src/device/usbd_control.c.obj
                0x00000000100066ec                tud_control_xfer
 .text.usbd_control_reset
                0x00000000100067a8       0x14 CMakeFiles/pid_mnodular.dir/Users/skyneticist/pico/pico-sdk/lib/tinyusb/src/device/usbd_control.c.obj
                0x00000000100067a8                usbd_control_reset
 .text.usbd_control_set_complete_callback
                0x00000000100067bc        0xc CMakeFiles/pid_mnodular.dir/Users/skyneticist/pico/pico-sdk/lib/tinyusb/src/device/usbd_control.c.obj
                0x00000000100067bc                usbd_control_set_complete_callback
 .text.usbd_control_set_request
                0x00000000100067c8       0x1c CMakeFiles/pid_mnodular.dir/Users/skyneticist/pico/pico-sdk/lib/tinyusb/src/device/usbd_control.c.obj
                0x00000000100067c8                usbd_control_set_request
 .text.usbd_control_xfer_cb
                0x00000000100067e4       0xfc CMakeFiles/pid_mnodular.dir/Users/skyneticist/pico/pico-sdk/lib/tinyusb/src/device/usbd_control.c.obj
                0x00000000100067e4                usbd_control_xfer_cb
 .text.tud_cdc_n_connected
                0x00000000100068e0       0x30 CMakeFiles/pid_mnodular.dir/Users/skyneticist/pico/pico-sdk/lib/tinyusb/src/class/cdc/cdc_device.c.obj
                0x00000000100068e0                tud_cdc_n_connected
 .text.tud_cdc_n_available
                0x0000000010006910       0x18 CMakeFiles/pid_mnodular.dir/Users/skyneticist/pico/pico-sdk/lib/tinyusb/src/class/cdc/cdc_device.c.obj
                0x0000000010006910                tud_cdc_n_available
 .text.tud_cdc_n_read
                0x0000000010006928       0x70 CMakeFiles/pid_mnodular.dir/Users/skyneticist/pico/pico-sdk/lib/tinyusb/src/class/cdc/cdc_device.c.obj
                0x0000000010006928                tud_cdc_n_read
 .text.tud_cdc_n_write_flush
                0x0000000010006998       0x78 CMakeFiles/pid_mnodular.dir/Users/skyneticist/pico/pico-sdk/lib/tinyusb/src/class/cdc/cdc_device.c.obj
                0x0000000010006998                tud_cdc_n_write_flush
 .text.tud_cdc_n_write
                0x0000000010006a10       0x34 CMakeFiles/pid_mnodular.dir/Users/skyneticist/pico/pico-sdk/lib/tinyusb/src/class/cdc/cdc_device.c.obj
                0x0000000010006a10                tud_cdc_n_write
 .text.tud_cdc_n_write_available
                0x0000000010006a44       0x18 CMakeFiles/pid_mnodular.dir/Users/skyneticist/pico/pico-sdk/lib/tinyusb/src/class/cdc/cdc_device.c.obj
                0x0000000010006a44                tud_cdc_n_write_available
 .text.cdcd_init
                0x0000000010006a5c       0x7c CMakeFiles/pid_mnodular.dir/Users/skyneticist/pico/pico-sdk/lib/tinyusb/src/class/cdc/cdc_device.c.obj
                0x0000000010006a5c                cdcd_init
 .text.cdcd_reset
                0x0000000010006ad8       0x2c CMakeFiles/pid_mnodular.dir/Users/skyneticist/pico/pico-sdk/lib/tinyusb/src/class/cdc/cdc_device.c.obj
                0x0000000010006ad8                cdcd_reset
 .text.cdcd_open
                0x0000000010006b04       0xe8 CMakeFiles/pid_mnodular.dir/Users/skyneticist/pico/pico-sdk/lib/tinyusb/src/class/cdc/cdc_device.c.obj
                0x0000000010006b04                cdcd_open
 .text.cdcd_control_xfer_cb
                0x0000000010006bec       0xe4 CMakeFiles/pid_mnodular.dir/Users/skyneticist/pico/pico-sdk/lib/tinyusb/src/class/cdc/cdc_device.c.obj
                0x0000000010006bec                cdcd_control_xfer_cb
 .text.cdcd_xfer_cb
                0x0000000010006cd0      0x148 CMakeFiles/pid_mnodular.dir/Users/skyneticist/pico/pico-sdk/lib/tinyusb/src/class/cdc/cdc_device.c.obj
                0x0000000010006cd0                cdcd_xfer_cb
 .text.tusb_init
                0x0000000010006e18        0xc CMakeFiles/pid_mnodular.dir/Users/skyneticist/pico/pico-sdk/lib/tinyusb/src/tusb.c.obj
                0x0000000010006e18                tusb_init
 .text.tusb_inited
                0x0000000010006e24        0x8 CMakeFiles/pid_mnodular.dir/Users/skyneticist/pico/pico-sdk/lib/tinyusb/src/tusb.c.obj
                0x0000000010006e24                tusb_inited
 .text.tu_edpt_claim
                0x0000000010006e2c       0x50 CMakeFiles/pid_mnodular.dir/Users/skyneticist/pico/pico-sdk/lib/tinyusb/src/tusb.c.obj
                0x0000000010006e2c                tu_edpt_claim
 .text.tu_edpt_release
                0x0000000010006e7c       0x38 CMakeFiles/pid_mnodular.dir/Users/skyneticist/pico/pico-sdk/lib/tinyusb/src/tusb.c.obj
                0x0000000010006e7c                tu_edpt_release
 .text.tu_edpt_validate
                0x0000000010006eb4       0x78 CMakeFiles/pid_mnodular.dir/Users/skyneticist/pico/pico-sdk/lib/tinyusb/src/tusb.c.obj
                0x0000000010006eb4                tu_edpt_validate
 .text.tu_edpt_bind_driver
                0x0000000010006f2c       0x34 CMakeFiles/pid_mnodular.dir/Users/skyneticist/pico/pico-sdk/lib/tinyusb/src/tusb.c.obj
                0x0000000010006f2c                tu_edpt_bind_driver
 .text.tu_fifo_config
                0x0000000010006f60       0x70 CMakeFiles/pid_mnodular.dir/Users/skyneticist/pico/pico-sdk/lib/tinyusb/src/common/tusb_fifo.c.obj
                0x0000000010006f60                tu_fifo_config
 .text.tu_fifo_count
                0x0000000010006fd0       0x2c CMakeFiles/pid_mnodular.dir/Users/skyneticist/pico/pico-sdk/lib/tinyusb/src/common/tusb_fifo.c.obj
                0x0000000010006fd0                tu_fifo_count
 .text.tu_fifo_empty
                0x0000000010006ffc       0x10 CMakeFiles/pid_mnodular.dir/Users/skyneticist/pico/pico-sdk/lib/tinyusb/src/common/tusb_fifo.c.obj
                0x0000000010006ffc                tu_fifo_empty
 .text.tu_fifo_remaining
                0x000000001000700c       0x2c CMakeFiles/pid_mnodular.dir/Users/skyneticist/pico/pico-sdk/lib/tinyusb/src/common/tusb_fifo.c.obj
                0x000000001000700c                tu_fifo_remaining
 .text.tu_fifo_read
                0x0000000010007038       0xa0 CMakeFiles/pid_mnodular.dir/Users/skyneticist/pico/pico-sdk/lib/tinyusb/src/common/tusb_fifo.c.obj
                0x0000000010007038                tu_fifo_read
 .text.tu_fifo_read_n
                0x00000000100070d8       0xec CMakeFiles/pid_mnodular.dir/Users/skyneticist/pico/pico-sdk/lib/tinyusb/src/common/tusb_fifo.c.obj
                0x00000000100070d8                tu_fifo_read_n
 .text.tu_fifo_write
                0x00000000100071c4       0x88 CMakeFiles/pid_mnodular.dir/Users/skyneticist/pico/pico-sdk/lib/tinyusb/src/common/tusb_fifo.c.obj
                0x00000000100071c4                tu_fifo_write
 .text.tu_fifo_write_n
                0x000000001000724c      0x168 CMakeFiles/pid_mnodular.dir/Users/skyneticist/pico/pico-sdk/lib/tinyusb/src/common/tusb_fifo.c.obj
                0x000000001000724c                tu_fifo_write_n
 .text.tu_fifo_clear
                0x00000000100073b4       0x40 CMakeFiles/pid_mnodular.dir/Users/skyneticist/pico/pico-sdk/lib/tinyusb/src/common/tusb_fifo.c.obj
                0x00000000100073b4                tu_fifo_clear
 .text.tu_fifo_set_overwritable
                0x00000000100073f4       0x48 CMakeFiles/pid_mnodular.dir/Users/skyneticist/pico/pico-sdk/lib/tinyusb/src/common/tusb_fifo.c.obj
                0x00000000100073f4                tu_fifo_set_overwritable
 .text.core1_trampoline
                0x000000001000743c        0x4 CMakeFiles/pid_mnodular.dir/Users/skyneticist/pico/pico-sdk/src/rp2_common/pico_multicore/multicore.c.obj
 .text.core1_wrapper
                0x0000000010007440        0xc CMakeFiles/pid_mnodular.dir/Users/skyneticist/pico/pico-sdk/src/rp2_common/pico_multicore/multicore.c.obj
                0x0000000010007440                core1_wrapper
 .text.multicore_launch_core1_raw
                0x000000001000744c       0x84 CMakeFiles/pid_mnodular.dir/Users/skyneticist/pico/pico-sdk/src/rp2_common/pico_multicore/multicore.c.obj
                0x000000001000744c                multicore_launch_core1_raw
 .text.multicore_launch_core1
                0x00000000100074d0       0x4c CMakeFiles/pid_mnodular.dir/Users/skyneticist/pico/pico-sdk/src/rp2_common/pico_multicore/multicore.c.obj
                0x00000000100074d0                multicore_launch_core1
 .text._calloc_r
                0x000000001000751c       0x9c /opt/homebrew/Cellar/arm-none-eabi-gcc/10.3-2021.07/gcc/bin/../lib/gcc/arm-none-eabi/10.3.1/../../../../arm-none-eabi/lib/thumb/v6-m/nofp/libc.a(lib_a-callocr.o)
                0x000000001000751c                _calloc_r
 .text.__errno  0x00000000100075b8        0xc /opt/homebrew/Cellar/arm-none-eabi-gcc/10.3-2021.07/gcc/bin/../lib/gcc/arm-none-eabi/10.3.1/../../../../arm-none-eabi/lib/thumb/v6-m/nofp/libc.a(lib_a-errno.o)
                0x00000000100075b8                __errno
 .text.fprintf  0x00000000100075c4       0x24 /opt/homebrew/Cellar/arm-none-eabi-gcc/10.3-2021.07/gcc/bin/../lib/gcc/arm-none-eabi/10.3.1/../../../../arm-none-eabi/lib/thumb/v6-m/nofp/libc.a(lib_a-fprintf.o)
                0x00000000100075c4                fprintf
 .text.malloc   0x00000000100075e8       0x14 /opt/homebrew/Cellar/arm-none-eabi-gcc/10.3-2021.07/gcc/bin/../lib/gcc/arm-none-eabi/10.3.1/../../../../arm-none-eabi/lib/thumb/v6-m/nofp/libc.a(lib_a-malloc.o)
                0x00000000100075e8                malloc
 .text.free     0x00000000100075fc       0x14 /opt/homebrew/Cellar/arm-none-eabi-gcc/10.3-2021.07/gcc/bin/../lib/gcc/arm-none-eabi/10.3.1/../../../../arm-none-eabi/lib/thumb/v6-m/nofp/libc.a(lib_a-malloc.o)
                0x00000000100075fc                free
 .text._malloc_r
                0x0000000010007610      0x584 /opt/homebrew/Cellar/arm-none-eabi-gcc/10.3-2021.07/gcc/bin/../lib/gcc/arm-none-eabi/10.3.1/../../../../arm-none-eabi/lib/thumb/v6-m/nofp/libc.a(lib_a-mallocr.o)
                0x0000000010007610                _malloc_r
 .text.__malloc_lock
                0x0000000010007b94       0x10 /opt/homebrew/Cellar/arm-none-eabi-gcc/10.3-2021.07/gcc/bin/../lib/gcc/arm-none-eabi/10.3.1/../../../../arm-none-eabi/lib/thumb/v6-m/nofp/libc.a(lib_a-mlock.o)
                0x0000000010007b94                __malloc_lock
 .text.__malloc_unlock
                0x0000000010007ba4       0x10 /opt/homebrew/Cellar/arm-none-eabi-gcc/10.3-2021.07/gcc/bin/../lib/gcc/arm-none-eabi/10.3.1/../../../../arm-none-eabi/lib/thumb/v6-m/nofp/libc.a(lib_a-mlock.o)
                0x0000000010007ba4                __malloc_unlock
 .text.realloc  0x0000000010007bb4       0x18 /opt/homebrew/Cellar/arm-none-eabi-gcc/10.3-2021.07/gcc/bin/../lib/gcc/arm-none-eabi/10.3.1/../../../../arm-none-eabi/lib/thumb/v6-m/nofp/libc.a(lib_a-realloc.o)
                0x0000000010007bb4                realloc
 .text._realloc_r
                0x0000000010007bcc      0x354 /opt/homebrew/Cellar/arm-none-eabi-gcc/10.3-2021.07/gcc/bin/../lib/gcc/arm-none-eabi/10.3.1/../../../../arm-none-eabi/lib/thumb/v6-m/nofp/libc.a(lib_a-reallocr.o)
                0x0000000010007bcc                _realloc_r
 .text._sbrk_r  0x0000000010007f20       0x24 /opt/homebrew/Cellar/arm-none-eabi-gcc/10.3-2021.07/gcc/bin/../lib/gcc/arm-none-eabi/10.3.1/../../../../arm-none-eabi/lib/thumb/v6-m/nofp/libc.a(lib_a-sbrkr.o)
                0x0000000010007f20                _sbrk_r
 .text.sscanf   0x0000000010007f44       0x50 /opt/homebrew/Cellar/arm-none-eabi-gcc/10.3-2021.07/gcc/bin/../lib/gcc/arm-none-eabi/10.3.1/../../../../arm-none-eabi/lib/thumb/v6-m/nofp/libc.a(lib_a-sscanf.o)
                0x0000000010007f44                sscanf
 .text.__sread  0x0000000010007f94       0x28 /opt/homebrew/Cellar/arm-none-eabi-gcc/10.3-2021.07/gcc/bin/../lib/gcc/arm-none-eabi/10.3.1/../../../../arm-none-eabi/lib/thumb/v6-m/nofp/libc.a(lib_a-stdio.o)
                0x0000000010007f94                __sread
 .text.__seofread
                0x0000000010007fbc        0x4 /opt/homebrew/Cellar/arm-none-eabi-gcc/10.3-2021.07/gcc/bin/../lib/gcc/arm-none-eabi/10.3.1/../../../../arm-none-eabi/lib/thumb/v6-m/nofp/libc.a(lib_a-stdio.o)
                0x0000000010007fbc                __seofread
 .text.__swrite
                0x0000000010007fc0       0x40 /opt/homebrew/Cellar/arm-none-eabi-gcc/10.3-2021.07/gcc/bin/../lib/gcc/arm-none-eabi/10.3.1/../../../../arm-none-eabi/lib/thumb/v6-m/nofp/libc.a(lib_a-stdio.o)
                0x0000000010007fc0                __swrite
 .text.__sseek  0x0000000010008000       0x2c /opt/homebrew/Cellar/arm-none-eabi-gcc/10.3-2021.07/gcc/bin/../lib/gcc/arm-none-eabi/10.3.1/../../../../arm-none-eabi/lib/thumb/v6-m/nofp/libc.a(lib_a-stdio.o)
                0x0000000010008000                __sseek
 .text.__sclose
                0x000000001000802c        0xc /opt/homebrew/Cellar/arm-none-eabi-gcc/10.3-2021.07/gcc/bin/../lib/gcc/arm-none-eabi/10.3.1/../../../../arm-none-eabi/lib/thumb/v6-m/nofp/libc.a(lib_a-stdio.o)
                0x000000001000802c                __sclose
 .text.strcat   0x0000000010008038       0x4c /opt/homebrew/Cellar/arm-none-eabi-gcc/10.3-2021.07/gcc/bin/../lib/gcc/arm-none-eabi/10.3.1/../../../../arm-none-eabi/lib/thumb/v6-m/nofp/libc.a(lib_a-strcat.o)
                0x0000000010008038                strcat
 .text.strcpy   0x0000000010008084       0x10 /opt/homebrew/Cellar/arm-none-eabi-gcc/10.3-2021.07/gcc/bin/../lib/gcc/arm-none-eabi/10.3.1/../../../../arm-none-eabi/lib/thumb/v6-m/nofp/libc.a(lib_a-strcpy.o)
                0x0000000010008084                strcpy
 .text.strlen   0x0000000010008094       0x5c /opt/homebrew/Cellar/arm-none-eabi-gcc/10.3-2021.07/gcc/bin/../lib/gcc/arm-none-eabi/10.3.1/../../../../arm-none-eabi/lib/thumb/v6-m/nofp/libc.a(lib_a-strlen-stub.o)
                0x0000000010008094                strlen
 .text.__ssvfscanf_r
                0x00000000100080f0     0x17a0 /opt/homebrew/Cellar/arm-none-eabi-gcc/10.3-2021.07/gcc/bin/../lib/gcc/arm-none-eabi/10.3.1/../../../../arm-none-eabi/lib/thumb/v6-m/nofp/libc.a(lib_a-svfscanf.o)
                0x00000000100080f0                __ssvfscanf_r
 .text._vfprintf_r
                0x0000000010009890     0x1c44 /opt/homebrew/Cellar/arm-none-eabi-gcc/10.3-2021.07/gcc/bin/../lib/gcc/arm-none-eabi/10.3.1/../../../../arm-none-eabi/lib/thumb/v6-m/nofp/libc.a(lib_a-vfprintf.o)
                0x0000000010009890                _vfprintf_r
 .text.__sbprintf
                0x000000001000b4d4       0x8c /opt/homebrew/Cellar/arm-none-eabi-gcc/10.3-2021.07/gcc/bin/../lib/gcc/arm-none-eabi/10.3.1/../../../../arm-none-eabi/lib/thumb/v6-m/nofp/libc.a(lib_a-vfprintf.o)
 .text._write_r
                0x000000001000b560       0x28 /opt/homebrew/Cellar/arm-none-eabi-gcc/10.3-2021.07/gcc/bin/../lib/gcc/arm-none-eabi/10.3.1/../../../../arm-none-eabi/lib/thumb/v6-m/nofp/libc.a(lib_a-writer.o)
                0x000000001000b560                _write_r
 .text.__swsetup_r
                0x000000001000b588       0xdc /opt/homebrew/Cellar/arm-none-eabi-gcc/10.3-2021.07/gcc/bin/../lib/gcc/arm-none-eabi/10.3.1/../../../../arm-none-eabi/lib/thumb/v6-m/nofp/libc.a(lib_a-wsetup.o)
                0x000000001000b588                __swsetup_r
 .text._close_r
                0x000000001000b664       0x24 /opt/homebrew/Cellar/arm-none-eabi-gcc/10.3-2021.07/gcc/bin/../lib/gcc/arm-none-eabi/10.3.1/../../../../arm-none-eabi/lib/thumb/v6-m/nofp/libc.a(lib_a-closer.o)
                0x000000001000b664                _close_r
 .text.quorem   0x000000001000b688      0x148 /opt/homebrew/Cellar/arm-none-eabi-gcc/10.3-2021.07/gcc/bin/../lib/gcc/arm-none-eabi/10.3.1/../../../../arm-none-eabi/lib/thumb/v6-m/nofp/libc.a(lib_a-dtoa.o)
 .text._dtoa_r  0x000000001000b7d0      0xfbc /opt/homebrew/Cellar/arm-none-eabi-gcc/10.3-2021.07/gcc/bin/../lib/gcc/arm-none-eabi/10.3.1/../../../../arm-none-eabi/lib/thumb/v6-m/nofp/libc.a(lib_a-dtoa.o)
                0x000000001000b7d0                _dtoa_r
 .text.__sflush_r
                0x000000001000c78c      0x140 /opt/homebrew/Cellar/arm-none-eabi-gcc/10.3-2021.07/gcc/bin/../lib/gcc/arm-none-eabi/10.3.1/../../../../arm-none-eabi/lib/thumb/v6-m/nofp/libc.a(lib_a-fflush.o)
                0x000000001000c78c                __sflush_r
 .text._fflush_r
                0x000000001000c8cc       0x6c /opt/homebrew/Cellar/arm-none-eabi-gcc/10.3-2021.07/gcc/bin/../lib/gcc/arm-none-eabi/10.3.1/../../../../arm-none-eabi/lib/thumb/v6-m/nofp/libc.a(lib_a-fflush.o)
                0x000000001000c8cc                _fflush_r
 .text._cleanup_r
                0x000000001000c938       0x10 /opt/homebrew/Cellar/arm-none-eabi-gcc/10.3-2021.07/gcc/bin/../lib/gcc/arm-none-eabi/10.3.1/../../../../arm-none-eabi/lib/thumb/v6-m/nofp/libc.a(lib_a-findfp.o)
                0x000000001000c938                _cleanup_r
 .text.__sinit  0x000000001000c948      0x120 /opt/homebrew/Cellar/arm-none-eabi-gcc/10.3-2021.07/gcc/bin/../lib/gcc/arm-none-eabi/10.3.1/../../../../arm-none-eabi/lib/thumb/v6-m/nofp/libc.a(lib_a-findfp.o)
                0x000000001000c948                __sinit
 .text.__sfp_lock_acquire
                0x000000001000ca68       0x10 /opt/homebrew/Cellar/arm-none-eabi-gcc/10.3-2021.07/gcc/bin/../lib/gcc/arm-none-eabi/10.3.1/../../../../arm-none-eabi/lib/thumb/v6-m/nofp/libc.a(lib_a-findfp.o)
                0x000000001000ca68                __sfp_lock_acquire
 .text.__sfp_lock_release
                0x000000001000ca78       0x10 /opt/homebrew/Cellar/arm-none-eabi-gcc/10.3-2021.07/gcc/bin/../lib/gcc/arm-none-eabi/10.3.1/../../../../arm-none-eabi/lib/thumb/v6-m/nofp/libc.a(lib_a-findfp.o)
                0x000000001000ca78                __sfp_lock_release
 .text._malloc_trim_r
                0x000000001000ca88       0x9c /opt/homebrew/Cellar/arm-none-eabi-gcc/10.3-2021.07/gcc/bin/../lib/gcc/arm-none-eabi/10.3.1/../../../../arm-none-eabi/lib/thumb/v6-m/nofp/libc.a(lib_a-freer.o)
                0x000000001000ca88                _malloc_trim_r
 .text._free_r  0x000000001000cb24      0x1c4 /opt/homebrew/Cellar/arm-none-eabi-gcc/10.3-2021.07/gcc/bin/../lib/gcc/arm-none-eabi/10.3.1/../../../../arm-none-eabi/lib/thumb/v6-m/nofp/libc.a(lib_a-freer.o)
                0x000000001000cb24                _free_r
 .text._fwalk_reent
                0x000000001000cce8       0x48 /opt/homebrew/Cellar/arm-none-eabi-gcc/10.3-2021.07/gcc/bin/../lib/gcc/arm-none-eabi/10.3.1/../../../../arm-none-eabi/lib/thumb/v6-m/nofp/libc.a(lib_a-fwalk.o)
                0x000000001000cce8                _fwalk_reent
 .text.iswspace
                0x000000001000cd30        0xc /opt/homebrew/Cellar/arm-none-eabi-gcc/10.3-2021.07/gcc/bin/../lib/gcc/arm-none-eabi/10.3.1/../../../../arm-none-eabi/lib/thumb/v6-m/nofp/libc.a(lib_a-iswspace.o)
                0x000000001000cd30                iswspace
 .text.iswspace_l
                0x000000001000cd3c       0x18 /opt/homebrew/Cellar/arm-none-eabi-gcc/10.3-2021.07/gcc/bin/../lib/gcc/arm-none-eabi/10.3.1/../../../../arm-none-eabi/lib/thumb/v6-m/nofp/libc.a(lib_a-iswspace_l.o)
                0x000000001000cd3c                iswspace_l
 .text.__locale_mb_cur_max
                0x000000001000cd54       0x10 /opt/homebrew/Cellar/arm-none-eabi-gcc/10.3-2021.07/gcc/bin/../lib/gcc/arm-none-eabi/10.3.1/../../../../arm-none-eabi/lib/thumb/v6-m/nofp/libc.a(lib_a-locale.o)
                0x000000001000cd54                __locale_mb_cur_max
 .text._localeconv_r
                0x000000001000cd64        0x8 /opt/homebrew/Cellar/arm-none-eabi-gcc/10.3-2021.07/gcc/bin/../lib/gcc/arm-none-eabi/10.3.1/../../../../arm-none-eabi/lib/thumb/v6-m/nofp/libc.a(lib_a-localeconv.o)
                0x000000001000cd64                _localeconv_r
 .text.__retarget_lock_init_recursive
                0x000000001000cd6c        0x4 /opt/homebrew/Cellar/arm-none-eabi-gcc/10.3-2021.07/gcc/bin/../lib/gcc/arm-none-eabi/10.3.1/../../../../arm-none-eabi/lib/thumb/v6-m/nofp/libc.a(lib_a-lock.o)
                0x000000001000cd6c                __retarget_lock_init_recursive
 .text.__retarget_lock_close_recursive
                0x000000001000cd70        0x4 /opt/homebrew/Cellar/arm-none-eabi-gcc/10.3-2021.07/gcc/bin/../lib/gcc/arm-none-eabi/10.3.1/../../../../arm-none-eabi/lib/thumb/v6-m/nofp/libc.a(lib_a-lock.o)
                0x000000001000cd70                __retarget_lock_close_recursive
 .text.__retarget_lock_acquire_recursive
                0x000000001000cd74        0x4 /opt/homebrew/Cellar/arm-none-eabi-gcc/10.3-2021.07/gcc/bin/../lib/gcc/arm-none-eabi/10.3.1/../../../../arm-none-eabi/lib/thumb/v6-m/nofp/libc.a(lib_a-lock.o)
                0x000000001000cd74                __retarget_lock_acquire_recursive
 .text.__retarget_lock_release_recursive
                0x000000001000cd78        0x4 /opt/homebrew/Cellar/arm-none-eabi-gcc/10.3-2021.07/gcc/bin/../lib/gcc/arm-none-eabi/10.3.1/../../../../arm-none-eabi/lib/thumb/v6-m/nofp/libc.a(lib_a-lock.o)
                0x000000001000cd78                __retarget_lock_release_recursive
 .text._lseek_r
                0x000000001000cd7c       0x28 /opt/homebrew/Cellar/arm-none-eabi-gcc/10.3-2021.07/gcc/bin/../lib/gcc/arm-none-eabi/10.3.1/../../../../arm-none-eabi/lib/thumb/v6-m/nofp/libc.a(lib_a-lseekr.o)
                0x000000001000cd7c                _lseek_r
 .text.__smakebuf_r
                0x000000001000cda4       0xe4 /opt/homebrew/Cellar/arm-none-eabi-gcc/10.3-2021.07/gcc/bin/../lib/gcc/arm-none-eabi/10.3.1/../../../../arm-none-eabi/lib/thumb/v6-m/nofp/libc.a(lib_a-makebuf.o)
                0x000000001000cda4                __smakebuf_r
 .text._mbrtowc_r
                0x000000001000ce88       0x4c /opt/homebrew/Cellar/arm-none-eabi-gcc/10.3-2021.07/gcc/bin/../lib/gcc/arm-none-eabi/10.3.1/../../../../arm-none-eabi/lib/thumb/v6-m/nofp/libc.a(lib_a-mbrtowc.o)
                0x000000001000ce88                _mbrtowc_r
 .text.__ascii_mbtowc
                0x000000001000ced4       0x2c /opt/homebrew/Cellar/arm-none-eabi-gcc/10.3-2021.07/gcc/bin/../lib/gcc/arm-none-eabi/10.3.1/../../../../arm-none-eabi/lib/thumb/v6-m/nofp/libc.a(lib_a-mbtowc_r.o)
                0x000000001000ced4                __ascii_mbtowc
 .text._Balloc  0x000000001000cf00       0x50 /opt/homebrew/Cellar/arm-none-eabi-gcc/10.3-2021.07/gcc/bin/../lib/gcc/arm-none-eabi/10.3.1/../../../../arm-none-eabi/lib/thumb/v6-m/nofp/libc.a(lib_a-mprec.o)
                0x000000001000cf00                _Balloc
 .text._Bfree   0x000000001000cf50       0x14 /opt/homebrew/Cellar/arm-none-eabi-gcc/10.3-2021.07/gcc/bin/../lib/gcc/arm-none-eabi/10.3.1/../../../../arm-none-eabi/lib/thumb/v6-m/nofp/libc.a(lib_a-mprec.o)
                0x000000001000cf50                _Bfree
 .text.__multadd
                0x000000001000cf64       0xa8 /opt/homebrew/Cellar/arm-none-eabi-gcc/10.3-2021.07/gcc/bin/../lib/gcc/arm-none-eabi/10.3.1/../../../../arm-none-eabi/lib/thumb/v6-m/nofp/libc.a(lib_a-mprec.o)
                0x000000001000cf64                __multadd
 .text.__s2b    0x000000001000d00c       0xb0 /opt/homebrew/Cellar/arm-none-eabi-gcc/10.3-2021.07/gcc/bin/../lib/gcc/arm-none-eabi/10.3.1/../../../../arm-none-eabi/lib/thumb/v6-m/nofp/libc.a(lib_a-mprec.o)
                0x000000001000d00c                __s2b
 .text.__hi0bits
                0x000000001000d0bc       0x38 /opt/homebrew/Cellar/arm-none-eabi-gcc/10.3-2021.07/gcc/bin/../lib/gcc/arm-none-eabi/10.3.1/../../../../arm-none-eabi/lib/thumb/v6-m/nofp/libc.a(lib_a-mprec.o)
                0x000000001000d0bc                __hi0bits
 .text.__lo0bits
                0x000000001000d0f4       0x5c /opt/homebrew/Cellar/arm-none-eabi-gcc/10.3-2021.07/gcc/bin/../lib/gcc/arm-none-eabi/10.3.1/../../../../arm-none-eabi/lib/thumb/v6-m/nofp/libc.a(lib_a-mprec.o)
                0x000000001000d0f4                __lo0bits
 .text.__i2b    0x000000001000d150       0x60 /opt/homebrew/Cellar/arm-none-eabi-gcc/10.3-2021.07/gcc/bin/../lib/gcc/arm-none-eabi/10.3.1/../../../../arm-none-eabi/lib/thumb/v6-m/nofp/libc.a(lib_a-mprec.o)
                0x000000001000d150                __i2b
 .text.__multiply
                0x000000001000d1b0      0x1a4 /opt/homebrew/Cellar/arm-none-eabi-gcc/10.3-2021.07/gcc/bin/../lib/gcc/arm-none-eabi/10.3.1/../../../../arm-none-eabi/lib/thumb/v6-m/nofp/libc.a(lib_a-mprec.o)
                0x000000001000d1b0                __multiply
 .text.__pow5mult
                0x000000001000d354       0xd8 /opt/homebrew/Cellar/arm-none-eabi-gcc/10.3-2021.07/gcc/bin/../lib/gcc/arm-none-eabi/10.3.1/../../../../arm-none-eabi/lib/thumb/v6-m/nofp/libc.a(lib_a-mprec.o)
                0x000000001000d354                __pow5mult
 .text.__lshift
                0x000000001000d42c       0xfc /opt/homebrew/Cellar/arm-none-eabi-gcc/10.3-2021.07/gcc/bin/../lib/gcc/arm-none-eabi/10.3.1/../../../../arm-none-eabi/lib/thumb/v6-m/nofp/libc.a(lib_a-mprec.o)
                0x000000001000d42c                __lshift
 .text.__mcmp   0x000000001000d528       0x34 /opt/homebrew/Cellar/arm-none-eabi-gcc/10.3-2021.07/gcc/bin/../lib/gcc/arm-none-eabi/10.3.1/../../../../arm-none-eabi/lib/thumb/v6-m/nofp/libc.a(lib_a-mprec.o)
                0x000000001000d528                __mcmp
 .text.__mdiff  0x000000001000d55c      0x18c /opt/homebrew/Cellar/arm-none-eabi-gcc/10.3-2021.07/gcc/bin/../lib/gcc/arm-none-eabi/10.3.1/../../../../arm-none-eabi/lib/thumb/v6-m/nofp/libc.a(lib_a-mprec.o)
                0x000000001000d55c                __mdiff
 .text.__ulp    0x000000001000d6e8       0x48 /opt/homebrew/Cellar/arm-none-eabi-gcc/10.3-2021.07/gcc/bin/../lib/gcc/arm-none-eabi/10.3.1/../../../../arm-none-eabi/lib/thumb/v6-m/nofp/libc.a(lib_a-mprec.o)
                0x000000001000d6e8                __ulp
 .text.__b2d    0x000000001000d730       0xc8 /opt/homebrew/Cellar/arm-none-eabi-gcc/10.3-2021.07/gcc/bin/../lib/gcc/arm-none-eabi/10.3.1/../../../../arm-none-eabi/lib/thumb/v6-m/nofp/libc.a(lib_a-mprec.o)
                0x000000001000d730                __b2d
 .text.__d2b    0x000000001000d7f8       0xd8 /opt/homebrew/Cellar/arm-none-eabi-gcc/10.3-2021.07/gcc/bin/../lib/gcc/arm-none-eabi/10.3.1/../../../../arm-none-eabi/lib/thumb/v6-m/nofp/libc.a(lib_a-mprec.o)
                0x000000001000d7f8                __d2b
 .text.__ratio  0x000000001000d8d0       0x68 /opt/homebrew/Cellar/arm-none-eabi-gcc/10.3-2021.07/gcc/bin/../lib/gcc/arm-none-eabi/10.3.1/../../../../arm-none-eabi/lib/thumb/v6-m/nofp/libc.a(lib_a-mprec.o)
                0x000000001000d8d0                __ratio
 .text.__copybits
                0x000000001000d938       0x40 /opt/homebrew/Cellar/arm-none-eabi-gcc/10.3-2021.07/gcc/bin/../lib/gcc/arm-none-eabi/10.3.1/../../../../arm-none-eabi/lib/thumb/v6-m/nofp/libc.a(lib_a-mprec.o)
                0x000000001000d938                __copybits
 .text.__any_on
                0x000000001000d978       0x50 /opt/homebrew/Cellar/arm-none-eabi-gcc/10.3-2021.07/gcc/bin/../lib/gcc/arm-none-eabi/10.3.1/../../../../arm-none-eabi/lib/thumb/v6-m/nofp/libc.a(lib_a-mprec.o)
                0x000000001000d978                __any_on
 .text._read_r  0x000000001000d9c8       0x28 /opt/homebrew/Cellar/arm-none-eabi-gcc/10.3-2021.07/gcc/bin/../lib/gcc/arm-none-eabi/10.3.1/../../../../arm-none-eabi/lib/thumb/v6-m/nofp/libc.a(lib_a-readr.o)
                0x000000001000d9c8                _read_r
 .text.frexp    0x000000001000d9f0       0x64 /opt/homebrew/Cellar/arm-none-eabi-gcc/10.3-2021.07/gcc/bin/../lib/gcc/arm-none-eabi/10.3.1/../../../../arm-none-eabi/lib/thumb/v6-m/nofp/libc.a(lib_a-s_frexp.o)
                0x000000001000d9f0                frexp
 .text.__sccl   0x000000001000da54       0x80 /opt/homebrew/Cellar/arm-none-eabi-gcc/10.3-2021.07/gcc/bin/../lib/gcc/arm-none-eabi/10.3.1/../../../../arm-none-eabi/lib/thumb/v6-m/nofp/libc.a(lib_a-sccl.o)
                0x000000001000da54                __sccl
 .text.nanf     0x000000001000dad4        0x8 /opt/homebrew/Cellar/arm-none-eabi-gcc/10.3-2021.07/gcc/bin/../lib/gcc/arm-none-eabi/10.3.1/../../../../arm-none-eabi/lib/thumb/v6-m/nofp/libc.a(lib_a-sf_nan.o)
                0x000000001000dad4                nanf
 .text.strncpy  0x000000001000dadc       0x6c /opt/homebrew/Cellar/arm-none-eabi-gcc/10.3-2021.07/gcc/bin/../lib/gcc/arm-none-eabi/10.3.1/../../../../arm-none-eabi/lib/thumb/v6-m/nofp/libc.a(lib_a-strncpy.o)
                0x000000001000dadc                strncpy
 .text._strtod_l
                0x000000001000db48      0xf78 /opt/homebrew/Cellar/arm-none-eabi-gcc/10.3-2021.07/gcc/bin/../lib/gcc/arm-none-eabi/10.3.1/../../../../arm-none-eabi/lib/thumb/v6-m/nofp/libc.a(lib_a-strtod.o)
                0x000000001000db48                _strtod_l
 .text._strtod_r
                0x000000001000eac0       0x10 /opt/homebrew/Cellar/arm-none-eabi-gcc/10.3-2021.07/gcc/bin/../lib/gcc/arm-none-eabi/10.3.1/../../../../arm-none-eabi/lib/thumb/v6-m/nofp/libc.a(lib_a-strtod.o)
                0x000000001000eac0                _strtod_r
 .text._strtol_l.part.0
                0x000000001000ead0      0x144 /opt/homebrew/Cellar/arm-none-eabi-gcc/10.3-2021.07/gcc/bin/../lib/gcc/arm-none-eabi/10.3.1/../../../../arm-none-eabi/lib/thumb/v6-m/nofp/libc.a(lib_a-strtol.o)
 .text._strtol_r
                0x000000001000ec14       0x1c /opt/homebrew/Cellar/arm-none-eabi-gcc/10.3-2021.07/gcc/bin/../lib/gcc/arm-none-eabi/10.3.1/../../../../arm-none-eabi/lib/thumb/v6-m/nofp/libc.a(lib_a-strtol.o)
                0x000000001000ec14                _strtol_r
 .text._strtoll_l.constprop.0
                0x000000001000ec30      0x198 /opt/homebrew/Cellar/arm-none-eabi-gcc/10.3-2021.07/gcc/bin/../lib/gcc/arm-none-eabi/10.3.1/../../../../arm-none-eabi/lib/thumb/v6-m/nofp/libc.a(lib_a-strtoll.o)
 .text._strtoll_r
                0x000000001000edc8        0x8 /opt/homebrew/Cellar/arm-none-eabi-gcc/10.3-2021.07/gcc/bin/../lib/gcc/arm-none-eabi/10.3.1/../../../../arm-none-eabi/lib/thumb/v6-m/nofp/libc.a(lib_a-strtoll.o)
                0x000000001000edc8                _strtoll_r
 .text._strtoul_l.constprop.0
                0x000000001000edd0      0x148 /opt/homebrew/Cellar/arm-none-eabi-gcc/10.3-2021.07/gcc/bin/../lib/gcc/arm-none-eabi/10.3.1/../../../../arm-none-eabi/lib/thumb/v6-m/nofp/libc.a(lib_a-strtoul.o)
 .text._strtoul_r
                0x000000001000ef18        0x8 /opt/homebrew/Cellar/arm-none-eabi-gcc/10.3-2021.07/gcc/bin/../lib/gcc/arm-none-eabi/10.3.1/../../../../arm-none-eabi/lib/thumb/v6-m/nofp/libc.a(lib_a-strtoul.o)
                0x000000001000ef18                _strtoul_r
 .text._strtoull_l.constprop.0
                0x000000001000ef20      0x1bc /opt/homebrew/Cellar/arm-none-eabi-gcc/10.3-2021.07/gcc/bin/../lib/gcc/arm-none-eabi/10.3.1/../../../../arm-none-eabi/lib/thumb/v6-m/nofp/libc.a(lib_a-strtoull.o)
 .text._strtoull_r
                0x000000001000f0dc        0x8 /opt/homebrew/Cellar/arm-none-eabi-gcc/10.3-2021.07/gcc/bin/../lib/gcc/arm-none-eabi/10.3.1/../../../../arm-none-eabi/lib/thumb/v6-m/nofp/libc.a(lib_a-strtoull.o)
                0x000000001000f0dc                _strtoull_r
 .text._sungetc_r
                0x000000001000f0e4       0x84 /opt/homebrew/Cellar/arm-none-eabi-gcc/10.3-2021.07/gcc/bin/../lib/gcc/arm-none-eabi/10.3.1/../../../../arm-none-eabi/lib/thumb/v6-m/nofp/libc.a(lib_a-svfiscanf.o)
                0x000000001000f0e4                _sungetc_r
 .text.__ssrefill_r
                0x000000001000f168       0x40 /opt/homebrew/Cellar/arm-none-eabi-gcc/10.3-2021.07/gcc/bin/../lib/gcc/arm-none-eabi/10.3.1/../../../../arm-none-eabi/lib/thumb/v6-m/nofp/libc.a(lib_a-svfiscanf.o)
                0x000000001000f168                __ssrefill_r
 .text._sfread_r
                0x000000001000f1a8       0xc4 /opt/homebrew/Cellar/arm-none-eabi-gcc/10.3-2021.07/gcc/bin/../lib/gcc/arm-none-eabi/10.3.1/../../../../arm-none-eabi/lib/thumb/v6-m/nofp/libc.a(lib_a-svfiscanf.o)
                0x000000001000f1a8                _sfread_r
 .text.__submore
                0x000000001000f26c       0x84 /opt/homebrew/Cellar/arm-none-eabi-gcc/10.3-2021.07/gcc/bin/../lib/gcc/arm-none-eabi/10.3.1/../../../../arm-none-eabi/lib/thumb/v6-m/nofp/libc.a(lib_a-ungetc.o)
                0x000000001000f26c                __submore
 .text.__sprint_r.part.0
                0x000000001000f2f0       0x88 /opt/homebrew/Cellar/arm-none-eabi-gcc/10.3-2021.07/gcc/bin/../lib/gcc/arm-none-eabi/10.3.1/../../../../arm-none-eabi/lib/thumb/v6-m/nofp/libc.a(lib_a-vfiprintf.o)
 .text.__sprint_r
                0x000000001000f378       0x14 /opt/homebrew/Cellar/arm-none-eabi-gcc/10.3-2021.07/gcc/bin/../lib/gcc/arm-none-eabi/10.3.1/../../../../arm-none-eabi/lib/thumb/v6-m/nofp/libc.a(lib_a-vfiprintf.o)
                0x000000001000f378                __sprint_r
 .text.__ascii_wctomb
                0x000000001000f38c       0x1c /opt/homebrew/Cellar/arm-none-eabi-gcc/10.3-2021.07/gcc/bin/../lib/gcc/arm-none-eabi/10.3.1/../../../../arm-none-eabi/lib/thumb/v6-m/nofp/libc.a(lib_a-wctomb_r.o)
                0x000000001000f38c                __ascii_wctomb
 .text._fclose_r
                0x000000001000f3a8       0xdc /opt/homebrew/Cellar/arm-none-eabi-gcc/10.3-2021.07/gcc/bin/../lib/gcc/arm-none-eabi/10.3.1/../../../../arm-none-eabi/lib/thumb/v6-m/nofp/libc.a(lib_a-fclose.o)
                0x000000001000f3a8                _fclose_r
 .text.__fputwc
                0x000000001000f484       0x98 /opt/homebrew/Cellar/arm-none-eabi-gcc/10.3-2021.07/gcc/bin/../lib/gcc/arm-none-eabi/10.3.1/../../../../arm-none-eabi/lib/thumb/v6-m/nofp/libc.a(lib_a-fputwc.o)
                0x000000001000f484                __fputwc
 .text._fputwc_r
                0x000000001000f51c       0x5c /opt/homebrew/Cellar/arm-none-eabi-gcc/10.3-2021.07/gcc/bin/../lib/gcc/arm-none-eabi/10.3.1/../../../../arm-none-eabi/lib/thumb/v6-m/nofp/libc.a(lib_a-fputwc.o)
                0x000000001000f51c                _fputwc_r
 .text._fstat_r
                0x000000001000f578       0x28 /opt/homebrew/Cellar/arm-none-eabi-gcc/10.3-2021.07/gcc/bin/../lib/gcc/arm-none-eabi/10.3.1/../../../../arm-none-eabi/lib/thumb/v6-m/nofp/libc.a(lib_a-fstatr.o)
                0x000000001000f578                _fstat_r
 .text.__sfvwrite_r
                0x000000001000f5a0      0x2f4 /opt/homebrew/Cellar/arm-none-eabi-gcc/10.3-2021.07/gcc/bin/../lib/gcc/arm-none-eabi/10.3.1/../../../../arm-none-eabi/lib/thumb/v6-m/nofp/libc.a(lib_a-fvwrite.o)
                0x000000001000f5a0                __sfvwrite_r
 .text.rshift   0x000000001000f894       0xa4 /opt/homebrew/Cellar/arm-none-eabi-gcc/10.3-2021.07/gcc/bin/../lib/gcc/arm-none-eabi/10.3.1/../../../../arm-none-eabi/lib/thumb/v6-m/nofp/libc.a(lib_a-gdtoa-gethex.o)
 .text.__gethex
                0x000000001000f938      0x5cc /opt/homebrew/Cellar/arm-none-eabi-gcc/10.3-2021.07/gcc/bin/../lib/gcc/arm-none-eabi/10.3.1/../../../../arm-none-eabi/lib/thumb/v6-m/nofp/libc.a(lib_a-gdtoa-gethex.o)
                0x000000001000f938                __gethex
 .text.__match  0x000000001000ff04       0x2c /opt/homebrew/Cellar/arm-none-eabi-gcc/10.3-2021.07/gcc/bin/../lib/gcc/arm-none-eabi/10.3.1/../../../../arm-none-eabi/lib/thumb/v6-m/nofp/libc.a(lib_a-gdtoa-hexnan.o)
                0x000000001000ff04                __match
 .text.__hexnan
                0x000000001000ff30      0x1d0 /opt/homebrew/Cellar/arm-none-eabi-gcc/10.3-2021.07/gcc/bin/../lib/gcc/arm-none-eabi/10.3.1/../../../../arm-none-eabi/lib/thumb/v6-m/nofp/libc.a(lib_a-gdtoa-hexnan.o)
                0x000000001000ff30                __hexnan
 .text._isatty_r
                0x0000000010010100       0x24 /opt/homebrew/Cellar/arm-none-eabi-gcc/10.3-2021.07/gcc/bin/../lib/gcc/arm-none-eabi/10.3.1/../../../../arm-none-eabi/lib/thumb/v6-m/nofp/libc.a(lib_a-isattyr.o)
                0x0000000010010100                _isatty_r
 .text.nan      0x0000000010010124        0xc /opt/homebrew/Cellar/arm-none-eabi-gcc/10.3-2021.07/gcc/bin/../lib/gcc/arm-none-eabi/10.3.1/../../../../arm-none-eabi/lib/thumb/v6-m/nofp/libc.a(lib_a-s_nan.o)
                0x0000000010010124                nan
 .text.strncmp  0x0000000010010130       0x74 /opt/homebrew/Cellar/arm-none-eabi-gcc/10.3-2021.07/gcc/bin/../lib/gcc/arm-none-eabi/10.3.1/../../../../arm-none-eabi/lib/thumb/v6-m/nofp/libc.a(lib_a-strncmp.o)
                0x0000000010010130                strncmp
 .text.__swbuf_r
                0x00000000100101a4       0xc8 /opt/homebrew/Cellar/arm-none-eabi-gcc/10.3-2021.07/gcc/bin/../lib/gcc/arm-none-eabi/10.3.1/../../../../arm-none-eabi/lib/thumb/v6-m/nofp/libc.a(lib_a-wbuf.o)
                0x00000000100101a4                __swbuf_r
 .text._wcrtomb_r
                0x000000001001026c       0x40 /opt/homebrew/Cellar/arm-none-eabi-gcc/10.3-2021.07/gcc/bin/../lib/gcc/arm-none-eabi/10.3.1/../../../../arm-none-eabi/lib/thumb/v6-m/nofp/libc.a(lib_a-wcrtomb.o)
                0x000000001001026c                _wcrtomb_r
 *(.fini)
 .fini          0x00000000100102ac        0x4 /opt/homebrew/Cellar/arm-none-eabi-gcc/10.3-2021.07/gcc/bin/../lib/gcc/arm-none-eabi/10.3.1/thumb/v6-m/nofp/crti.o
                0x00000000100102ac                _fini
 .fini.__stub   0x00000000100102b0      0x100 linker stubs
 *crtbegin.o(.ctors)
 *crtbegin?.o(.ctors)
 *(EXCLUDE_FILE(*crtend.o *crtend?.o) .ctors)
 *(SORT_BY_NAME(.ctors.*))
 *(.ctors)
 *crtbegin.o(.dtors)
 *crtbegin?.o(.dtors)
 *(EXCLUDE_FILE(*crtend.o *crtend?.o) .dtors)
 *(SORT_BY_NAME(.dtors.*))
 *(.dtors)
 *(.eh_frame*)
 .eh_frame      0x00000000100103b0        0x0 /opt/homebrew/Cellar/arm-none-eabi-gcc/10.3-2021.07/gcc/bin/../lib/gcc/arm-none-eabi/10.3.1/thumb/v6-m/nofp/crtbegin.o
                0x00000000100103b0                . = ALIGN (0x4)

.glue_7         0x00000000100103b0        0x0
 .glue_7        0x00000000100103b0        0x0 linker stubs

.glue_7t        0x00000000100103b0        0x0
 .glue_7t       0x00000000100103b0        0x0 linker stubs

.vfp11_veneer   0x00000000100103b0        0x0
 .vfp11_veneer  0x00000000100103b0        0x0 linker stubs

.v4_bx          0x00000000100103b0        0x0
 .v4_bx         0x00000000100103b0        0x0 linker stubs

.iplt           0x00000000100103b0        0x0
 .iplt          0x00000000100103b0        0x0 /opt/homebrew/Cellar/arm-none-eabi-gcc/10.3-2021.07/gcc/bin/../lib/gcc/arm-none-eabi/10.3.1/thumb/v6-m/nofp/crtbegin.o

.rodata         0x00000000100103b0     0x1158
 *(EXCLUDE_FILE(*libm.a: *libc.a:*lib_a-mem*.o *libgcc.a:) .rodata*)
 .rodata.fsm_process.str1.4
                0x00000000100103b0       0x37 CMakeFiles/pid_mnodular.dir/src/fsm.c.obj
 *fill*         0x00000000100103e7        0x1 
 .rodata.uart_read_data.str1.4
                0x00000000100103e8       0x1f CMakeFiles/pid_mnodular.dir/src/uart.c.obj
 *fill*         0x0000000010010407        0x1 
 .rodata.spin_lock_claim_unused.str1.4
                0x0000000010010408       0x1b CMakeFiles/pid_mnodular.dir/Users/skyneticist/pico/pico-sdk/src/rp2_common/hardware_sync/sync.c.obj
 *fill*         0x0000000010010423        0x1 
 .rodata.user_irq_claim_unused.str1.4
                0x0000000010010424       0x1b CMakeFiles/pid_mnodular.dir/Users/skyneticist/pico/pico-sdk/src/rp2_common/hardware_irq/irq.c.obj
 *fill*         0x000000001001043f        0x1 
 .rodata.at_the_end_of_time
                0x0000000010010440        0x8 CMakeFiles/pid_mnodular.dir/Users/skyneticist/pico/pico-sdk/src/common/pico_time/time.c.obj
                0x0000000010010440                at_the_end_of_time
 .rodata.hardware_alarm_claim.str1.4
                0x0000000010010448       0x22 CMakeFiles/pid_mnodular.dir/Users/skyneticist/pico/pico-sdk/src/rp2_common/hardware_timer/timer.c.obj
 *fill*         0x000000001001046a        0x2 
 .rodata.__assert_func.str1.4
                0x000000001001046c       0x3f CMakeFiles/pid_mnodular.dir/Users/skyneticist/pico/pico-sdk/src/rp2_common/pico_runtime/runtime.c.obj
                                         0x43 (size before relaxing)
 *fill*         0x00000000100104ab        0x1 
 .rodata.panic.str1.4
                0x00000000100104ac       0x12 CMakeFiles/pid_mnodular.dir/Users/skyneticist/pico/pico-sdk/src/rp2_common/pico_runtime/runtime.c.obj
 *fill*         0x00000000100104be        0x2 
 .rodata.hard_assertion_failure.str1.4
                0x00000000100104c0        0xc CMakeFiles/pid_mnodular.dir/Users/skyneticist/pico/pico-sdk/src/rp2_common/pico_runtime/runtime.c.obj
 .rodata._ftoa.str1.4
                0x00000000100104cc       0x15 CMakeFiles/pid_mnodular.dir/Users/skyneticist/pico/pico-sdk/src/rp2_common/pico_printf/printf.c.obj
 *fill*         0x00000000100104e1        0x3 
 .rodata._vsnprintf
                0x00000000100104e4      0x1e0 CMakeFiles/pid_mnodular.dir/Users/skyneticist/pico/pico-sdk/src/rp2_common/pico_printf/printf.c.obj
 *fill*         0x00000000100106c4        0x4 
 .rodata.pow10.0
                0x00000000100106c8       0x50 CMakeFiles/pid_mnodular.dir/Users/skyneticist/pico/pico-sdk/src/rp2_common/pico_printf/printf.c.obj